ASxxxx Linker V03.00 + NoICE + sdld,  page 1.
Hexadecimal  [32-Bits]

Area                       Addr        Size        Decimal Bytes (Attributes)
--------------------       ----        ----        ------- ----- ------------
.  .ABS.               00000000    00000000 =           0. bytes (ABS,CON)

        Value  Global            Value  Global            Value  Global    
        -----  ------            -----  ------            -----  ------    
     00000000  .__.ABS.  |    00000000  _rRAMG    |    00000000  l__BASE  
     00000000  l__BSS    |    00000000  l__CABS   |    00000000  l__CODE_0
     00000000  l__DABS   |    00000000  l__HEADER |    00000000  l__HEAP  
     00000000  l__HEAP_E |    00000000  l__HRAM   |    00000000  l__LIT   
     00000000  s__CABS   |    00000000  s__DABS   |    00000000  s__HEADER
     00000000  s__HEADER |    00000000  s__HEADER |    00000000  s__HEADER
     00000000  s__HEADER |    00000000  s__HEADER |    00000000  s__HEADER
     00000000  s__HEADER |    00000000  s__HEADER |    00000000  s__HEADER
     00000000  s__HEADER |    00000000  s__HEADER |    00000000  s__HEADER
     00000000  s__HEADER |    00000000  s__HEADER |    00000000  s__HEADER
     00000000  s__HEADER |    00000000  s__HEADER |    00000000  s__HEADER
     00000000  s__HRAM   |    00000000  s__HRAM12 |    00000001  l__GSFINA
     00000001  l__HEADER |    00000001  l__HEADER |    00000001  l__HEADER
     00000001  l__HEADER |    00000001  l__HEADER |    00000001  l__HEADER
     00000001  l__HEADER |    00000002  l__HEADER |    00000002  l__HEADER
     00000002  l__HEADER |    00000003  l__HEADER |    00000003  l__HRAM12
     00000005  l__HEADER |    00000006  l__HEADER |    00000007  l__HEADER
     00000008  l__HEADER |    0000000C  l__GSINIT |    00000030  l__HEADER
     0000004C  l__HEADER |    00000052  l__DATA   |    00000074  l__INITIA
     00000074  l__INITIA |    00000084  l__HEADER |    000001B3  l__HOME  
     00000200  s__CODE   |    00002000  _rROMB0   |    00003000  _rROMB1  
     0000396D  l__CODE   |    00003B6D  s__HOME   |    00003D20  s__BASE  
     00003D20  s__CODE_0 |    00003D20  s__INITIA |    00003D20  s__LIT   
     00003D94  s__GSINIT |    00003DA0  s__GSFINA |    00004000  _rRAMB   
     00008000  __VRAM    |    00008000  __VRAM800 |    00008800  __VRAM880
     00009000  __VRAM900 |    00009800  __SCRN0   |    00009C00  __SCRN1  
     0000A000  __SRAM    |    0000C000  __RAM     |    0000C000  _shadow_O
     0000C0A0  s__DATA   |    0000C0F2  s__BSS    |    0000C0F2  s__INITIA
     0000C166  s__HEAP   |    0000C166  s__HEAP_E |    0000D000  __RAMBANK
     0000E000  .STACK    |    0000FE00  __OAMRAM  |    0000FF00  _P1_REG  
     0000FF00  __IO      |    0000FF01  _SB_REG   |    0000FF02  _SC_REG  
     0000FF04  _DIV_REG  |    0000FF05  _TIMA_REG |    0000FF06  _TMA_REG 
     0000FF07  _TAC_REG  |    0000FF0F  _IF_REG   |    0000FF10  _NR10_REG
     0000FF11  _NR11_REG |    0000FF12  _NR12_REG |    0000FF13  _NR13_REG
     0000FF14  _NR14_REG |    0000FF16  _NR21_REG |    0000FF17  _NR22_REG
     0000FF18  _NR23_REG |    0000FF19  _NR24_REG |    0000FF1A  _NR30_REG
     0000FF1B  _NR31_REG |    0000FF1C  _NR32_REG |    0000FF1D  _NR33_REG
     0000FF1E  _NR34_REG |    0000FF20  _NR41_REG |    0000FF21  _NR42_REG
     0000FF22  _NR43_REG |    0000FF23  _NR44_REG |    0000FF24  _NR50_REG
     0000FF25  _NR51_REG |    0000FF26  _NR52_REG |    0000FF30  _AUD3WAVE
     0000FF30  _PCM_SAMP |    0000FF30  __AUD3WAV |    0000FF40  _LCDC_REG
     0000FF41  _STAT_REG |    0000FF42  _SCY_REG  |    0000FF43  _SCX_REG 
     0000FF44  _LY_REG   |    0000FF45  _LYC_REG  |    0000FF46  _DMA_REG 
     0000FF47  _BGP_REG  |    0000FF48  _OBP0_REG |    0000FF49  _OBP1_REG
     0000FF4A  _WY_REG   |    0000FF4B  _WX_REG   |    0000FF4D  _KEY1_REG
     0000FF4F  _VBK_REG  |    0000FF51  _HDMA1_RE |    0000FF52  _HDMA2_RE
     0000FF53  _HDMA3_RE |    0000FF54  _HDMA4_RE |    0000FF55  _HDMA5_RE
     0000FF56  _RP_REG   |    0000FF68  _BCPS_REG |    0000FF69  _BCPD_REG
     0000FF6A  _OCPS_REG |    0000FF6B  _OCPD_REG |    0000FF70  _SVBK_REG
     0000FF76  _PCM12_RE |    0000FF77  _PCM34_RE |    0000FF80  .refresh_
ASxxxx Linker V03.00 + NoICE + sdld,  page 2.
Hexadecimal  [32-Bits]

Area                       Addr        Size        Decimal Bytes (Attributes)
--------------------       ----        ----        ------- ----- ------------
.  .ABS.               00000000    00000000 =           0. bytes (ABS,CON)

        Value  Global            Value  Global            Value  Global    
        -----  ------            -----  ------            -----  ------    
     0000FF80  __HRAM    |    0000FFFF  _IE_REG  
ASxxxx Linker V03.00 + NoICE + sdld,  page 3.
Hexadecimal  [32-Bits]

Area                       Addr        Size        Decimal Bytes (Attributes)
--------------------       ----        ----        ------- ----- ------------
_CODE                  00000200    0000396D =       14701. bytes (REL,CON)

        Value  Global            Value  Global            Value  Global    
        -----  ------            -----  ------            -----  ------    
     00000200  A$combat$ |    00000200  C$combat. |    00000200  G$init_co
     00000200  _init_com |    00000202  A$combat$ |    00000203  A$combat$
     00000203  C$combat. |    00000205  A$combat$ |    00000206  A$combat$
     00000207  A$combat$ |    00000208  A$combat$ |    00000209  A$combat$
     0000020A  A$combat$ |    0000020B  A$combat$ |    0000020E  A$combat$
     0000020F  A$combat$ |    00000210  A$combat$ |    00000211  A$combat$
     00000212  A$combat$ |    00000214  A$combat$ |    00000216  A$combat$
     00000216  C$combat. |    00000217  A$combat$ |    00000218  A$combat$
     0000021A  A$combat$ |    0000021B  A$combat$ |    0000021D  A$combat$
     0000021E  A$combat$ |    0000021F  A$combat$ |    00000220  A$combat$
     00000222  A$combat$ |    00000223  A$combat$ |    00000224  A$combat$
     00000225  A$combat$ |    00000227  A$combat$ |    00000228  A$combat$
     00000229  A$combat$ |    0000022A  A$combat$ |    0000022B  A$combat$
     0000022C  A$combat$ |    0000022D  A$combat$ |    0000022E  A$combat$
     00000231  A$combat$ |    00000231  C$combat. |    00000232  A$combat$
     00000233  A$combat$ |    00000234  A$combat$ |    00000237  A$combat$
     00000237  C$combat. |    00000239  A$combat$ |    0000023A  A$combat$
     0000023B  A$combat$ |    0000023D  A$combat$ |    0000023F  A$combat$
     00000240  A$combat$ |    00000241  A$combat$ |    00000244  A$combat$
     00000246  A$combat$ |    00000247  A$combat$ |    00000249  A$combat$
     0000024C  A$combat$ |    0000024F  A$combat$ |    0000024F  C$combat.
     0000024F  C$combat. |    00000251  A$combat$ |    00000252  A$combat$
     00000253  A$combat$ |    00000254  A$combat$ |    00000255  A$combat$
     00000257  A$combat$ |    00000258  A$combat$ |    00000258  C$combat.
     00000259  A$combat$ |    0000025C  A$combat$ |    0000025E  A$combat$
     0000025F  A$combat$ |    00000260  A$combat$ |    00000262  A$combat$
     00000264  A$combat$ |    00000265  A$combat$ |    00000266  A$combat$
     00000267  A$combat$ |    00000269  A$combat$ |    0000026B  A$combat$
     0000026C  A$combat$ |    0000026D  A$combat$ |    0000026E  A$combat$
     0000026F  A$combat$ |    00000270  A$combat$ |    00000271  A$combat$
     00000272  A$combat$ |    00000274  A$combat$ |    00000275  A$combat$
     00000276  A$combat$ |    00000277  A$combat$ |    00000279  A$combat$
     0000027B  A$combat$ |    0000027D  A$combat$ |    0000027F  A$combat$
     00000280  A$combat$ |    00000281  A$combat$ |    00000282  A$combat$
     00000283  A$combat$ |    00000284  A$combat$ |    00000286  A$combat$
     00000287  A$combat$ |    00000287  C$combat. |    00000288  A$combat$
     00000289  A$combat$ |    00000289  C$combat. |    0000028B  A$combat$
     0000028C  A$combat$ |    0000028F  A$combat$ |    00000291  A$combat$
     00000292  A$combat$ |    00000293  A$combat$ |    00000295  A$combat$
     00000298  A$combat$ |    0000029B  A$combat$ |    0000029C  A$combat$
     0000029D  A$combat$ |    0000029E  A$combat$ |    0000029F  A$combat$
     000002A0  A$combat$ |    000002A2  A$combat$ |    000002A3  A$combat$
     000002A3  C$combat. |    000002A4  A$combat$ |    000002A5  A$combat$
     000002A5  C$combat. |    000002A7  A$combat$ |    000002A8  A$combat$
     000002AB  A$combat$ |    000002AD  A$combat$ |    000002AE  A$combat$
     000002AF  A$combat$ |    000002B1  A$combat$ |    000002B2  A$combat$
     000002B2  C$combat. |    000002B4  A$combat$ |    000002B5  A$combat$
     000002B8  A$combat$ |    000002BA  A$combat$ |    000002BB  A$combat$
     000002BC  A$combat$ |    000002BE  A$combat$ |    000002BF  A$combat$
     000002BF  C$combat. |    000002C1  A$combat$ |    000002C2  A$combat$
ASxxxx Linker V03.00 + NoICE + sdld,  page 4.
Hexadecimal  [32-Bits]

Area                       Addr        Size        Decimal Bytes (Attributes)
--------------------       ----        ----        ------- ----- ------------
_CODE                  00000200    0000396D =       14701. bytes (REL,CON)

        Value  Global            Value  Global            Value  Global    
        -----  ------            -----  ------            -----  ------    
     000002C5  A$combat$ |    000002C7  A$combat$ |    000002C8  A$combat$
     000002C9  A$combat$ |    000002CB  A$combat$ |    000002CC  A$combat$
     000002CC  C$combat. |    000002CF  A$combat$ |    000002CF  C$combat.
     000002CF  C$combat. |    000002D1  A$combat$ |    000002D2  A$combat$
     000002D3  A$combat$ |    000002D4  A$combat$ |    000002D5  A$combat$
     000002D7  A$combat$ |    000002D8  A$combat$ |    000002D8  C$combat.
     000002D9  A$combat$ |    000002DC  A$combat$ |    000002DE  A$combat$
     000002DF  A$combat$ |    000002E0  A$combat$ |    000002E2  A$combat$
     000002E3  A$combat$ |    000002E4  A$combat$ |    000002E6  A$combat$
     000002E8  A$combat$ |    000002E9  A$combat$ |    000002EA  A$combat$
     000002EB  A$combat$ |    000002EC  A$combat$ |    000002ED  A$combat$
     000002EF  A$combat$ |    000002F1  A$combat$ |    000002F3  A$combat$
     000002F5  A$combat$ |    000002F6  A$combat$ |    000002F7  A$combat$
     000002F8  A$combat$ |    000002F9  A$combat$ |    000002FA  A$combat$
     000002FB  A$combat$ |    000002FD  A$combat$ |    000002FE  A$combat$
     000002FE  C$combat. |    000002FF  A$combat$ |    00000300  A$combat$
     00000300  C$combat. |    00000302  A$combat$ |    00000303  A$combat$
     00000306  A$combat$ |    00000308  A$combat$ |    00000309  A$combat$
     0000030A  A$combat$ |    0000030C  A$combat$ |    0000030F  A$combat$
     00000312  A$combat$ |    00000313  A$combat$ |    00000314  A$combat$
     00000315  A$combat$ |    00000316  A$combat$ |    00000317  A$combat$
     00000319  A$combat$ |    0000031A  A$combat$ |    0000031A  C$combat.
     0000031B  A$combat$ |    0000031C  A$combat$ |    0000031C  C$combat.
     0000031E  A$combat$ |    0000031F  A$combat$ |    00000322  A$combat$
     00000324  A$combat$ |    00000325  A$combat$ |    00000326  A$combat$
     00000328  A$combat$ |    00000329  A$combat$ |    00000329  C$combat.
     0000032B  A$combat$ |    0000032C  A$combat$ |    0000032F  A$combat$
     00000331  A$combat$ |    00000332  A$combat$ |    00000333  A$combat$
     00000335  A$combat$ |    00000336  A$combat$ |    00000336  C$combat.
     00000338  A$combat$ |    00000339  A$combat$ |    0000033C  A$combat$
     0000033E  A$combat$ |    0000033F  A$combat$ |    00000340  A$combat$
     00000342  A$combat$ |    00000343  A$combat$ |    00000343  C$combat.
     00000345  A$combat$ |    00000345  C$combat. |    00000345  C$combat.
     00000347  A$combat$ |    00000348  A$combat$ |    00000349  A$combat$
     0000034A  A$combat$ |    0000034B  A$combat$ |    0000034D  A$combat$
     0000034E  A$combat$ |    0000034E  C$combat. |    0000034F  A$combat$
     00000352  A$combat$ |    00000354  A$combat$ |    00000355  A$combat$
     00000356  A$combat$ |    00000358  A$combat$ |    00000359  A$combat$
     0000035A  A$combat$ |    0000035C  A$combat$ |    0000035E  A$combat$
     0000035F  A$combat$ |    00000360  A$combat$ |    00000361  A$combat$
     00000362  A$combat$ |    00000363  A$combat$ |    00000365  A$combat$
     00000367  A$combat$ |    00000369  A$combat$ |    0000036B  A$combat$
     0000036C  A$combat$ |    0000036D  A$combat$ |    0000036E  A$combat$
     0000036F  A$combat$ |    00000370  A$combat$ |    00000372  A$combat$
     00000373  A$combat$ |    00000373  C$combat. |    00000374  A$combat$
     00000375  A$combat$ |    00000375  C$combat. |    00000377  A$combat$
     00000378  A$combat$ |    0000037B  A$combat$ |    0000037D  A$combat$
     0000037E  A$combat$ |    0000037F  A$combat$ |    00000381  A$combat$
     00000384  A$combat$ |    00000387  A$combat$ |    00000388  A$combat$
     00000389  A$combat$ |    0000038A  A$combat$ |    0000038B  A$combat$
     0000038C  A$combat$ |    0000038E  A$combat$ |    0000038F  A$combat$
ASxxxx Linker V03.00 + NoICE + sdld,  page 5.
Hexadecimal  [32-Bits]

Area                       Addr        Size        Decimal Bytes (Attributes)
--------------------       ----        ----        ------- ----- ------------
_CODE                  00000200    0000396D =       14701. bytes (REL,CON)

        Value  Global            Value  Global            Value  Global    
        -----  ------            -----  ------            -----  ------    
     0000038F  C$combat. |    00000390  A$combat$ |    00000391  A$combat$
     00000391  C$combat. |    00000393  A$combat$ |    00000394  A$combat$
     00000397  A$combat$ |    00000399  A$combat$ |    0000039A  A$combat$
     0000039B  A$combat$ |    0000039D  A$combat$ |    0000039E  A$combat$
     0000039E  C$combat. |    000003A0  A$combat$ |    000003A1  A$combat$
     000003A4  A$combat$ |    000003A6  A$combat$ |    000003A7  A$combat$
     000003A8  A$combat$ |    000003AA  A$combat$ |    000003AB  A$combat$
     000003AB  C$combat. |    000003AD  A$combat$ |    000003AE  A$combat$
     000003B1  A$combat$ |    000003B3  A$combat$ |    000003B4  A$combat$
     000003B5  A$combat$ |    000003B7  A$combat$ |    000003B8  A$combat$
     000003B8  C$combat. |    000003B8  C$combat. |    000003BA  A$combat$
     000003BB  A$combat$ |    000003BC  A$combat$ |    000003BE  A$combat$
     000003C1  A$combat$ |    000003C1  C$combat. |    000003C3  A$combat$
     000003C4  A$combat$ |    000003C6  A$combat$ |    000003C7  A$combat$
     000003C7  C$combat. |    000003C7  C$combat. |    000003C7  G$combat_
     000003C7  XG$combat |    000003C7  _combat_v |    000003C8  G$combat_
     000003C8  _combat_g |    000003CE  A$dng_cra |    000003CE  C$dng_cra
     000003CE  G$return_ |    000003CE  _return_v |    000003CF  A$dng_cra
     000003D0  A$dng_cra |    000003D0  C$dng_cra |    000003D2  A$dng_cra
     000003D3  A$dng_cra |    000003D4  A$dng_cra |    000003D5  A$dng_cra
     000003D7  A$dng_cra |    000003D8  A$dng_cra |    000003D9  A$dng_cra
     000003DA  A$dng_cra |    000003DC  A$dng_cra |    000003DC  C$dng_cra
     000003DD  A$dng_cra |    000003DE  A$dng_cra |    000003E1  A$dng_cra
     000003E3  A$dng_cra |    000003E4  A$dng_cra |    000003E6  A$dng_cra
     000003E7  A$dng_cra |    000003E8  A$dng_cra |    000003E9  A$dng_cra
     000003EA  A$dng_cra |    000003EB  A$dng_cra |    000003EC  A$dng_cra
     000003ED  A$dng_cra |    000003EE  A$dng_cra |    000003EF  A$dng_cra
     000003F0  A$dng_cra |    000003F1  A$dng_cra |    000003F3  A$dng_cra
     000003F3  C$dng_cra |    000003F4  A$dng_cra |    000003F4  C$dng_cra
     000003F5  A$dng_cra |    000003F6  A$dng_cra |    000003F7  A$dng_cra
     000003F9  A$dng_cra |    000003FA  A$dng_cra |    000003FA  C$dng_cra
     000003FA  G$check_m |    000003FA  _check_m_ |    000003FC  A$dng_cra
     000003FE  A$dng_cra |    000003FF  A$dng_cra |    00000400  A$dng_cra
     00000401  A$dng_cra |    00000402  A$dng_cra |    00000403  A$dng_cra
     00000404  A$dng_cra |    00000404  C$dng_cra |    00000406  A$dng_cra
     00000406  C$dng_cra |    00000406  C$dng_cra |    00000407  A$dng_cra
     00000408  A$dng_cra |    0000040A  A$dng_cra |    0000040A  C$dng_cra
     0000040A  C$dng_cra |    0000040B  A$dng_cra |    0000040C  A$dng_cra
     0000040C  C$dng_cra |    0000040D  A$dng_cra |    0000040E  A$dng_cra
     0000040F  A$dng_cra |    00000411  A$dng_cra |    00000413  A$dng_cra
     00000414  A$dng_cra |    00000415  A$dng_cra |    00000417  A$dng_cra
     00000419  A$dng_cra |    0000041A  A$dng_cra |    0000041C  A$dng_cra
     0000041D  A$dng_cra |    0000041F  A$dng_cra |    00000420  A$dng_cra
     00000422  A$dng_cra |    00000424  A$dng_cra |    00000426  A$dng_cra
     00000427  A$dng_cra |    00000429  A$dng_cra |    0000042A  A$dng_cra
     0000042C  A$dng_cra |    0000042D  A$dng_cra |    0000042F  A$dng_cra
     00000431  A$dng_cra |    00000433  A$dng_cra |    00000434  A$dng_cra
     00000436  A$dng_cra |    00000437  A$dng_cra |    00000437  C$dng_cra
     00000439  A$dng_cra |    0000043A  A$dng_cra |    0000043B  A$dng_cra
     0000043C  A$dng_cra |    0000043E  A$dng_cra |    0000043E  C$dng_cra
     0000043F  A$dng_cra |    00000440  A$dng_cra |    00000441  A$dng_cra
ASxxxx Linker V03.00 + NoICE + sdld,  page 6.
Hexadecimal  [32-Bits]

Area                       Addr        Size        Decimal Bytes (Attributes)
--------------------       ----        ----        ------- ----- ------------
_CODE                  00000200    0000396D =       14701. bytes (REL,CON)

        Value  Global            Value  Global            Value  Global    
        -----  ------            -----  ------            -----  ------    
     00000442  A$dng_cra |    00000444  A$dng_cra |    00000445  A$dng_cra
     00000446  A$dng_cra |    00000448  A$dng_cra |    00000448  C$dng_cra
     0000044A  A$dng_cra |    0000044B  A$dng_cra |    0000044C  A$dng_cra
     0000044D  A$dng_cra |    0000044F  A$dng_cra |    0000044F  C$dng_cra
     00000450  A$dng_cra |    00000451  A$dng_cra |    00000452  A$dng_cra
     00000453  A$dng_cra |    00000453  C$dng_cra |    00000455  A$dng_cra
     00000456  A$dng_cra |    00000457  A$dng_cra |    0000045A  A$dng_cra
     0000045B  A$dng_cra |    0000045C  A$dng_cra |    0000045D  A$dng_cra
     00000460  A$dng_cra |    00000461  A$dng_cra |    00000462  A$dng_cra
     00000463  A$dng_cra |    00000466  A$dng_cra |    00000469  A$dng_cra
     00000469  C$dng_cra |    0000046B  A$dng_cra |    0000046D  A$dng_cra
     0000046E  A$dng_cra |    0000046E  C$dng_cra |    00000470  A$dng_cra
     00000471  A$dng_cra |    00000472  A$dng_cra |    00000473  A$dng_cra
     00000474  A$dng_cra |    00000475  A$dng_cra |    00000476  A$dng_cra
     00000477  A$dng_cra |    00000478  A$dng_cra |    00000479  A$dng_cra
     0000047A  A$dng_cra |    0000047C  A$dng_cra |    0000047D  A$dng_cra
     0000047E  A$dng_cra |    0000047F  A$dng_cra |    00000480  A$dng_cra
     00000483  A$dng_cra |    00000484  A$dng_cra |    00000485  A$dng_cra
     00000485  C$dng_cra |    00000486  A$dng_cra |    00000487  A$dng_cra
     00000489  A$dng_cra |    0000048A  A$dng_cra |    0000048C  A$dng_cra
     0000048C  C$dng_cra |    0000048E  A$dng_cra |    0000048F  A$dng_cra
     00000491  A$dng_cra |    00000492  A$dng_cra |    00000492  C$dng_cra
     00000494  A$dng_cra |    00000494  C$dng_cra |    00000495  A$dng_cra
     00000497  A$dng_cra |    00000498  A$dng_cra |    0000049A  A$dng_cra
     0000049B  A$dng_cra |    0000049D  A$dng_cra |    0000049D  C$dng_cra
     0000049F  A$dng_cra |    000004A0  A$dng_cra |    000004A2  A$dng_cra
     000004A3  A$dng_cra |    000004A4  A$dng_cra |    000004A5  A$dng_cra
     000004A6  A$dng_cra |    000004A7  A$dng_cra |    000004A8  A$dng_cra
     000004AA  A$dng_cra |    000004AB  A$dng_cra |    000004AC  A$dng_cra
     000004AD  A$dng_cra |    000004AF  A$dng_cra |    000004B0  A$dng_cra
     000004B1  A$dng_cra |    000004B2  A$dng_cra |    000004B4  A$dng_cra
     000004B5  A$dng_cra |    000004B6  A$dng_cra |    000004B7  A$dng_cra
     000004B8  A$dng_cra |    000004BB  A$dng_cra |    000004BC  A$dng_cra
     000004BD  A$dng_cra |    000004BF  A$dng_cra |    000004C0  A$dng_cra
     000004C0  C$dng_cra |    000004C1  A$dng_cra |    000004C2  A$dng_cra
     000004C3  A$dng_cra |    000004C4  A$dng_cra |    000004C6  A$dng_cra
     000004C7  A$dng_cra |    000004C8  A$dng_cra |    000004C9  A$dng_cra
     000004CB  A$dng_cra |    000004CC  A$dng_cra |    000004CD  A$dng_cra
     000004CE  A$dng_cra |    000004D0  A$dng_cra |    000004D1  A$dng_cra
     000004D2  A$dng_cra |    000004D3  A$dng_cra |    000004D4  A$dng_cra
     000004D7  A$dng_cra |    000004D8  A$dng_cra |    000004D9  A$dng_cra
     000004DB  A$dng_cra |    000004DC  A$dng_cra |    000004DC  C$dng_cra
     000004DF  A$dng_cra |    000004DF  C$dng_cra |    000004E1  A$dng_cra
     000004E2  A$dng_cra |    000004E2  C$dng_cra |    000004E4  A$dng_cra
     000004E5  A$dng_cra |    000004E6  A$dng_cra |    000004E7  A$dng_cra
     000004E8  A$dng_cra |    000004E9  A$dng_cra |    000004EA  A$dng_cra
     000004EB  A$dng_cra |    000004EC  A$dng_cra |    000004ED  A$dng_cra
     000004EF  A$dng_cra |    000004F0  A$dng_cra |    000004F1  A$dng_cra
     000004F2  A$dng_cra |    000004F4  A$dng_cra |    000004F5  A$dng_cra
     000004F6  A$dng_cra |    000004F7  A$dng_cra |    000004F8  A$dng_cra
     000004FB  A$dng_cra |    000004FC  A$dng_cra |    000004FD  A$dng_cra
ASxxxx Linker V03.00 + NoICE + sdld,  page 7.
Hexadecimal  [32-Bits]

Area                       Addr        Size        Decimal Bytes (Attributes)
--------------------       ----        ----        ------- ----- ------------
_CODE                  00000200    0000396D =       14701. bytes (REL,CON)

        Value  Global            Value  Global            Value  Global    
        -----  ------            -----  ------            -----  ------    
     000004FD  C$dng_cra |    000004FE  A$dng_cra |    000004FF  A$dng_cra
     00000501  A$dng_cra |    00000502  A$dng_cra |    00000504  A$dng_cra
     00000504  C$dng_cra |    00000506  A$dng_cra |    00000507  A$dng_cra
     00000507  C$dng_cra |    00000509  A$dng_cra |    00000509  C$dng_cra
     0000050A  A$dng_cra |    0000050B  A$dng_cra |    0000050D  A$dng_cra
     0000050E  A$dng_cra |    00000510  A$dng_cra |    00000510  C$dng_cra
     00000512  A$dng_cra |    00000513  A$dng_cra |    00000515  A$dng_cra
     00000516  A$dng_cra |    00000517  A$dng_cra |    00000518  A$dng_cra
     00000519  A$dng_cra |    0000051B  A$dng_cra |    0000051C  A$dng_cra
     0000051D  A$dng_cra |    0000051E  A$dng_cra |    0000051F  A$dng_cra
     00000520  A$dng_cra |    00000522  A$dng_cra |    00000523  A$dng_cra
     00000524  A$dng_cra |    00000525  A$dng_cra |    00000527  A$dng_cra
     00000528  A$dng_cra |    00000529  A$dng_cra |    0000052A  A$dng_cra
     0000052B  A$dng_cra |    0000052E  A$dng_cra |    0000052F  A$dng_cra
     00000530  A$dng_cra |    00000532  A$dng_cra |    00000533  A$dng_cra
     00000533  C$dng_cra |    00000534  A$dng_cra |    00000535  A$dng_cra
     00000537  A$dng_cra |    00000538  A$dng_cra |    00000539  A$dng_cra
     0000053A  A$dng_cra |    0000053B  A$dng_cra |    0000053C  A$dng_cra
     0000053E  A$dng_cra |    0000053F  A$dng_cra |    00000540  A$dng_cra
     00000541  A$dng_cra |    00000543  A$dng_cra |    00000544  A$dng_cra
     00000545  A$dng_cra |    00000546  A$dng_cra |    00000547  A$dng_cra
     0000054A  A$dng_cra |    0000054B  A$dng_cra |    0000054C  A$dng_cra
     0000054E  A$dng_cra |    0000054F  A$dng_cra |    0000054F  C$dng_cra
     00000552  A$dng_cra |    00000552  C$dng_cra |    00000554  A$dng_cra
     00000555  A$dng_cra |    00000555  C$dng_cra |    00000557  A$dng_cra
     00000558  A$dng_cra |    00000559  A$dng_cra |    0000055A  A$dng_cra
     0000055B  A$dng_cra |    0000055C  A$dng_cra |    0000055D  A$dng_cra
     0000055E  A$dng_cra |    0000055F  A$dng_cra |    00000560  A$dng_cra
     00000561  A$dng_cra |    00000563  A$dng_cra |    00000564  A$dng_cra
     00000565  A$dng_cra |    00000566  A$dng_cra |    00000567  A$dng_cra
     0000056A  A$dng_cra |    0000056B  A$dng_cra |    0000056C  A$dng_cra
     0000056C  C$dng_cra |    0000056D  A$dng_cra |    0000056E  A$dng_cra
     00000570  A$dng_cra |    00000571  A$dng_cra |    00000573  A$dng_cra
     00000573  C$dng_cra |    00000575  A$dng_cra |    00000576  A$dng_cra
     00000576  C$dng_cra |    00000578  A$dng_cra |    00000578  C$dng_cra
     00000579  A$dng_cra |    0000057A  A$dng_cra |    0000057C  A$dng_cra
     0000057D  A$dng_cra |    0000057F  A$dng_cra |    0000057F  C$dng_cra
     00000581  A$dng_cra |    00000582  A$dng_cra |    00000584  A$dng_cra
     00000585  A$dng_cra |    00000586  A$dng_cra |    00000587  A$dng_cra
     00000588  A$dng_cra |    00000589  A$dng_cra |    0000058A  A$dng_cra
     0000058C  A$dng_cra |    0000058D  A$dng_cra |    0000058E  A$dng_cra
     0000058F  A$dng_cra |    00000591  A$dng_cra |    00000592  A$dng_cra
     00000593  A$dng_cra |    00000594  A$dng_cra |    00000596  A$dng_cra
     00000597  A$dng_cra |    00000598  A$dng_cra |    00000599  A$dng_cra
     0000059A  A$dng_cra |    0000059D  A$dng_cra |    0000059E  A$dng_cra
     0000059F  A$dng_cra |    000005A1  A$dng_cra |    000005A2  A$dng_cra
     000005A2  C$dng_cra |    000005A3  A$dng_cra |    000005A4  A$dng_cra
     000005A5  A$dng_cra |    000005A6  A$dng_cra |    000005A8  A$dng_cra
     000005A9  A$dng_cra |    000005AA  A$dng_cra |    000005AB  A$dng_cra
     000005AD  A$dng_cra |    000005AE  A$dng_cra |    000005AF  A$dng_cra
     000005B0  A$dng_cra |    000005B2  A$dng_cra |    000005B3  A$dng_cra
ASxxxx Linker V03.00 + NoICE + sdld,  page 8.
Hexadecimal  [32-Bits]

Area                       Addr        Size        Decimal Bytes (Attributes)
--------------------       ----        ----        ------- ----- ------------
_CODE                  00000200    0000396D =       14701. bytes (REL,CON)

        Value  Global            Value  Global            Value  Global    
        -----  ------            -----  ------            -----  ------    
     000005B4  A$dng_cra |    000005B5  A$dng_cra |    000005B6  A$dng_cra
     000005B9  A$dng_cra |    000005BA  A$dng_cra |    000005BB  A$dng_cra
     000005BD  A$dng_cra |    000005BE  A$dng_cra |    000005BE  C$dng_cra
     000005C0  A$dng_cra |    000005C0  C$dng_cra |    000005C2  A$dng_cra
     000005C3  A$dng_cra |    000005C3  C$dng_cra |    000005C5  A$dng_cra
     000005C6  A$dng_cra |    000005C7  A$dng_cra |    000005C8  A$dng_cra
     000005C9  A$dng_cra |    000005CA  A$dng_cra |    000005CB  A$dng_cra
     000005CC  A$dng_cra |    000005CD  A$dng_cra |    000005CE  A$dng_cra
     000005D0  A$dng_cra |    000005D1  A$dng_cra |    000005D2  A$dng_cra
     000005D3  A$dng_cra |    000005D5  A$dng_cra |    000005D6  A$dng_cra
     000005D7  A$dng_cra |    000005D8  A$dng_cra |    000005D9  A$dng_cra
     000005DC  A$dng_cra |    000005DD  A$dng_cra |    000005DE  A$dng_cra
     000005DE  C$dng_cra |    000005DF  A$dng_cra |    000005E0  A$dng_cra
     000005E2  A$dng_cra |    000005E3  A$dng_cra |    000005E5  A$dng_cra
     000005E5  C$dng_cra |    000005E7  A$dng_cra |    000005E8  A$dng_cra
     000005E8  C$dng_cra |    000005EA  A$dng_cra |    000005EA  C$dng_cra
     000005EB  A$dng_cra |    000005EC  A$dng_cra |    000005EE  A$dng_cra
     000005EF  A$dng_cra |    000005F1  A$dng_cra |    000005F1  C$dng_cra
     000005F3  A$dng_cra |    000005F4  A$dng_cra |    000005F6  A$dng_cra
     000005F7  A$dng_cra |    000005F8  A$dng_cra |    000005F9  A$dng_cra
     000005FA  A$dng_cra |    000005FC  A$dng_cra |    000005FD  A$dng_cra
     000005FE  A$dng_cra |    000005FF  A$dng_cra |    00000600  A$dng_cra
     00000601  A$dng_cra |    00000603  A$dng_cra |    00000604  A$dng_cra
     00000605  A$dng_cra |    00000606  A$dng_cra |    00000608  A$dng_cra
     00000609  A$dng_cra |    0000060A  A$dng_cra |    0000060B  A$dng_cra
     0000060C  A$dng_cra |    0000060F  A$dng_cra |    00000610  A$dng_cra
     00000611  A$dng_cra |    00000613  A$dng_cra |    00000614  A$dng_cra
     00000614  C$dng_cra |    00000615  A$dng_cra |    00000616  A$dng_cra
     00000618  A$dng_cra |    00000619  A$dng_cra |    0000061A  A$dng_cra
     0000061B  A$dng_cra |    0000061C  A$dng_cra |    0000061D  A$dng_cra
     0000061F  A$dng_cra |    00000620  A$dng_cra |    00000621  A$dng_cra
     00000622  A$dng_cra |    00000624  A$dng_cra |    00000625  A$dng_cra
     00000626  A$dng_cra |    00000627  A$dng_cra |    00000628  A$dng_cra
     0000062B  A$dng_cra |    0000062C  A$dng_cra |    0000062D  A$dng_cra
     0000062F  A$dng_cra |    00000630  A$dng_cra |    00000630  C$dng_cra
     00000630  C$dng_cra |    00000631  A$dng_cra |    00000633  A$dng_cra
     00000635  A$dng_cra |    00000637  A$dng_cra |    00000638  A$dng_cra
     00000639  A$dng_cra |    0000063B  A$dng_cra |    0000063C  A$dng_cra
     0000063E  A$dng_cra |    00000640  A$dng_cra |    00000642  A$dng_cra
     00000643  A$dng_cra |    00000644  A$dng_cra |    00000646  A$dng_cra
     00000647  A$dng_cra |    00000649  A$dng_cra |    0000064B  A$dng_cra
     0000064D  A$dng_cra |    0000064E  A$dng_cra |    0000064F  A$dng_cra
     00000651  A$dng_cra |    00000652  A$dng_cra |    00000654  A$dng_cra
     00000656  A$dng_cra |    00000658  A$dng_cra |    00000659  A$dng_cra
     0000065A  A$dng_cra |    0000065C  A$dng_cra |    0000065C  C$dng_cra
     0000065E  A$dng_cra |    00000660  A$dng_cra |    00000660  C$dng_cra
     00000662  A$dng_cra |    00000662  C$dng_cra |    00000664  A$dng_cra
     00000665  A$dng_cra |    00000666  A$dng_cra |    00000668  A$dng_cra
     00000669  A$dng_cra |    0000066A  A$dng_cra |    0000066C  A$dng_cra
     0000066C  C$dng_cra |    0000066E  A$dng_cra |    0000066E  C$dng_cra
     00000670  A$dng_cra |    00000671  A$dng_cra |    00000672  A$dng_cra
ASxxxx Linker V03.00 + NoICE + sdld,  page 9.
Hexadecimal  [32-Bits]

Area                       Addr        Size        Decimal Bytes (Attributes)
--------------------       ----        ----        ------- ----- ------------
_CODE                  00000200    0000396D =       14701. bytes (REL,CON)

        Value  Global            Value  Global            Value  Global    
        -----  ------            -----  ------            -----  ------    
     00000674  A$dng_cra |    00000675  A$dng_cra |    00000676  A$dng_cra
     00000678  A$dng_cra |    00000678  C$dng_cra |    0000067A  A$dng_cra
     0000067C  A$dng_cra |    0000067C  C$dng_cra |    0000067E  A$dng_cra
     0000067F  A$dng_cra |    00000680  A$dng_cra |    00000682  A$dng_cra
     00000684  A$dng_cra |    00000685  A$dng_cra |    00000687  A$dng_cra
     0000068A  A$dng_cra |    0000068C  A$dng_cra |    0000068D  A$dng_cra
     0000068F  A$dng_cra |    00000692  A$dng_cra |    00000695  A$dng_cra
     00000695  C$dng_cra |    00000695  C$dng_cra |    00000697  A$dng_cra
     00000699  A$dng_cra |    00000699  C$dng_cra |    0000069B  A$dng_cra
     0000069D  A$dng_cra |    0000069D  C$dng_cra |    000006A0  A$dng_cra
     000006A1  A$dng_cra |    000006A4  A$dng_cra |    000006A5  A$dng_cra
     000006A8  A$dng_cra |    000006A9  A$dng_cra |    000006AC  A$dng_cra
     000006AE  A$dng_cra |    000006B0  A$dng_cra |    000006B0  C$dng_cra
     000006B3  A$dng_cra |    000006B4  A$dng_cra |    000006B7  A$dng_cra
     000006B8  A$dng_cra |    000006BB  A$dng_cra |    000006BC  A$dng_cra
     000006BF  A$dng_cra |    000006C1  A$dng_cra |    000006C1  C$dng_cra
     000006C3  A$dng_cra |    000006C5  A$dng_cra |    000006C7  A$dng_cra
     000006C7  C$dng_cra |    000006CA  A$dng_cra |    000006CB  A$dng_cra
     000006CE  A$dng_cra |    000006CF  A$dng_cra |    000006D1  A$dng_cra
     000006D2  A$dng_cra |    000006D3  A$dng_cra |    000006D5  A$dng_cra
     000006D6  A$dng_cra |    000006D7  A$dng_cra |    000006DA  A$dng_cra
     000006DC  A$dng_cra |    000006DF  A$dng_cra |    000006DF  C$dng_cra
     000006E2  A$dng_cra |    000006E3  A$dng_cra |    000006E6  A$dng_cra
     000006E7  A$dng_cra |    000006E9  A$dng_cra |    000006EA  A$dng_cra
     000006EB  A$dng_cra |    000006ED  A$dng_cra |    000006EE  A$dng_cra
     000006EF  A$dng_cra |    000006F2  A$dng_cra |    000006F4  A$dng_cra
     000006F7  A$dng_cra |    000006F7  C$dng_cra |    000006F9  A$dng_cra
     000006FB  A$dng_cra |    000006FB  C$dng_cra |    000006FE  A$dng_cra
     000006FF  A$dng_cra |    00000702  A$dng_cra |    00000703  A$dng_cra
     00000706  A$dng_cra |    00000707  A$dng_cra |    0000070A  A$dng_cra
     0000070C  A$dng_cra |    0000070E  A$dng_cra |    0000070E  C$dng_cra
     00000711  A$dng_cra |    00000712  A$dng_cra |    00000715  A$dng_cra
     00000716  A$dng_cra |    00000719  A$dng_cra |    0000071A  A$dng_cra
     0000071D  A$dng_cra |    0000071F  A$dng_cra |    0000071F  C$dng_cra
     00000721  A$dng_cra |    00000723  A$dng_cra |    00000725  A$dng_cra
     00000725  C$dng_cra |    00000728  A$dng_cra |    00000729  A$dng_cra
     0000072C  A$dng_cra |    0000072D  A$dng_cra |    0000072F  A$dng_cra
     00000730  A$dng_cra |    00000731  A$dng_cra |    00000733  A$dng_cra
     00000734  A$dng_cra |    00000735  A$dng_cra |    00000738  A$dng_cra
     0000073A  A$dng_cra |    0000073D  A$dng_cra |    0000073D  C$dng_cra
     00000740  A$dng_cra |    00000741  A$dng_cra |    00000744  A$dng_cra
     00000745  A$dng_cra |    00000747  A$dng_cra |    00000748  A$dng_cra
     00000749  A$dng_cra |    0000074B  A$dng_cra |    0000074C  A$dng_cra
     0000074D  A$dng_cra |    00000750  A$dng_cra |    00000752  A$dng_cra
     00000752  C$dng_cra |    00000755  A$dng_cra |    00000755  C$dng_cra
     00000755  C$dng_cra |    00000757  A$dng_cra |    00000759  A$dng_cra
     00000759  C$dng_cra |    0000075B  A$dng_cra |    0000075D  A$dng_cra
     0000075D  C$dng_cra |    00000760  A$dng_cra |    00000761  A$dng_cra
     00000764  A$dng_cra |    00000765  A$dng_cra |    00000768  A$dng_cra
     00000769  A$dng_cra |    0000076C  A$dng_cra |    0000076E  A$dng_cra
     00000770  A$dng_cra |    00000770  C$dng_cra |    00000773  A$dng_cra
ASxxxx Linker V03.00 + NoICE + sdld,  page 10.
Hexadecimal  [32-Bits]

Area                       Addr        Size        Decimal Bytes (Attributes)
--------------------       ----        ----        ------- ----- ------------
_CODE                  00000200    0000396D =       14701. bytes (REL,CON)

        Value  Global            Value  Global            Value  Global    
        -----  ------            -----  ------            -----  ------    
     00000774  A$dng_cra |    00000777  A$dng_cra |    00000778  A$dng_cra
     0000077B  A$dng_cra |    0000077C  A$dng_cra |    0000077F  A$dng_cra
     00000781  A$dng_cra |    00000781  C$dng_cra |    00000783  A$dng_cra
     00000785  A$dng_cra |    00000787  A$dng_cra |    00000787  C$dng_cra
     0000078A  A$dng_cra |    0000078B  A$dng_cra |    0000078E  A$dng_cra
     0000078F  A$dng_cra |    00000791  A$dng_cra |    00000792  A$dng_cra
     00000793  A$dng_cra |    00000795  A$dng_cra |    00000796  A$dng_cra
     00000797  A$dng_cra |    0000079A  A$dng_cra |    0000079C  A$dng_cra
     0000079F  A$dng_cra |    0000079F  C$dng_cra |    000007A2  A$dng_cra
     000007A3  A$dng_cra |    000007A6  A$dng_cra |    000007A7  A$dng_cra
     000007A9  A$dng_cra |    000007AA  A$dng_cra |    000007AB  A$dng_cra
     000007AD  A$dng_cra |    000007AE  A$dng_cra |    000007AF  A$dng_cra
     000007B2  A$dng_cra |    000007B4  A$dng_cra |    000007B7  A$dng_cra
     000007B7  C$dng_cra |    000007B9  A$dng_cra |    000007BB  A$dng_cra
     000007BB  C$dng_cra |    000007BE  A$dng_cra |    000007BF  A$dng_cra
     000007C2  A$dng_cra |    000007C3  A$dng_cra |    000007C6  A$dng_cra
     000007C7  A$dng_cra |    000007CA  A$dng_cra |    000007CC  A$dng_cra
     000007CE  A$dng_cra |    000007CE  C$dng_cra |    000007D1  A$dng_cra
     000007D2  A$dng_cra |    000007D5  A$dng_cra |    000007D6  A$dng_cra
     000007D9  A$dng_cra |    000007DA  A$dng_cra |    000007DD  A$dng_cra
     000007DF  A$dng_cra |    000007DF  C$dng_cra |    000007E1  A$dng_cra
     000007E3  A$dng_cra |    000007E5  A$dng_cra |    000007E5  C$dng_cra
     000007E8  A$dng_cra |    000007E9  A$dng_cra |    000007EC  A$dng_cra
     000007ED  A$dng_cra |    000007EF  A$dng_cra |    000007F0  A$dng_cra
     000007F1  A$dng_cra |    000007F3  A$dng_cra |    000007F4  A$dng_cra
     000007F5  A$dng_cra |    000007F8  A$dng_cra |    000007FA  A$dng_cra
     000007FD  A$dng_cra |    000007FD  C$dng_cra |    00000800  A$dng_cra
     00000801  A$dng_cra |    00000804  A$dng_cra |    00000805  A$dng_cra
     00000807  A$dng_cra |    00000808  A$dng_cra |    00000809  A$dng_cra
     0000080B  A$dng_cra |    0000080C  A$dng_cra |    0000080D  A$dng_cra
     00000810  A$dng_cra |    00000812  A$dng_cra |    00000812  C$dng_cra
     00000815  A$dng_cra |    00000815  C$dng_cra |    00000815  C$dng_cra
     00000817  A$dng_cra |    00000819  A$dng_cra |    00000819  C$dng_cra
     0000081B  A$dng_cra |    0000081D  A$dng_cra |    0000081D  C$dng_cra
     00000820  A$dng_cra |    00000821  A$dng_cra |    00000824  A$dng_cra
     00000825  A$dng_cra |    00000828  A$dng_cra |    00000829  A$dng_cra
     0000082C  A$dng_cra |    0000082E  A$dng_cra |    00000830  A$dng_cra
     00000830  C$dng_cra |    00000833  A$dng_cra |    00000834  A$dng_cra
     00000837  A$dng_cra |    00000838  A$dng_cra |    0000083B  A$dng_cra
     0000083C  A$dng_cra |    0000083F  A$dng_cra |    00000841  A$dng_cra
     00000841  C$dng_cra |    00000843  A$dng_cra |    00000845  A$dng_cra
     00000847  A$dng_cra |    00000847  C$dng_cra |    0000084A  A$dng_cra
     0000084B  A$dng_cra |    0000084E  A$dng_cra |    0000084F  A$dng_cra
     00000851  A$dng_cra |    00000852  A$dng_cra |    00000853  A$dng_cra
     00000855  A$dng_cra |    00000856  A$dng_cra |    00000857  A$dng_cra
     0000085A  A$dng_cra |    0000085C  A$dng_cra |    0000085E  A$dng_cra
     0000085E  C$dng_cra |    00000861  A$dng_cra |    00000862  A$dng_cra
     00000865  A$dng_cra |    00000866  A$dng_cra |    00000868  A$dng_cra
     00000869  A$dng_cra |    0000086A  A$dng_cra |    0000086C  A$dng_cra
     0000086D  A$dng_cra |    0000086E  A$dng_cra |    00000871  A$dng_cra
     00000873  A$dng_cra |    00000875  A$dng_cra |    00000875  C$dng_cra
ASxxxx Linker V03.00 + NoICE + sdld,  page 11.
Hexadecimal  [32-Bits]

Area                       Addr        Size        Decimal Bytes (Attributes)
--------------------       ----        ----        ------- ----- ------------
_CODE                  00000200    0000396D =       14701. bytes (REL,CON)

        Value  Global            Value  Global            Value  Global    
        -----  ------            -----  ------            -----  ------    
     00000877  A$dng_cra |    00000879  A$dng_cra |    00000879  C$dng_cra
     0000087C  A$dng_cra |    0000087D  A$dng_cra |    00000880  A$dng_cra
     00000881  A$dng_cra |    00000884  A$dng_cra |    00000885  A$dng_cra
     00000888  A$dng_cra |    0000088A  A$dng_cra |    0000088C  A$dng_cra
     0000088C  C$dng_cra |    0000088F  A$dng_cra |    00000890  A$dng_cra
     00000893  A$dng_cra |    00000894  A$dng_cra |    00000897  A$dng_cra
     00000898  A$dng_cra |    0000089B  A$dng_cra |    0000089D  A$dng_cra
     0000089D  C$dng_cra |    0000089F  A$dng_cra |    000008A1  A$dng_cra
     000008A3  A$dng_cra |    000008A3  C$dng_cra |    000008A6  A$dng_cra
     000008A7  A$dng_cra |    000008AA  A$dng_cra |    000008AB  A$dng_cra
     000008AD  A$dng_cra |    000008AE  A$dng_cra |    000008AF  A$dng_cra
     000008B1  A$dng_cra |    000008B2  A$dng_cra |    000008B3  A$dng_cra
     000008B6  A$dng_cra |    000008B8  A$dng_cra |    000008BA  A$dng_cra
     000008BA  C$dng_cra |    000008BD  A$dng_cra |    000008BE  A$dng_cra
     000008C1  A$dng_cra |    000008C2  A$dng_cra |    000008C4  A$dng_cra
     000008C5  A$dng_cra |    000008C6  A$dng_cra |    000008C8  A$dng_cra
     000008C9  A$dng_cra |    000008CA  A$dng_cra |    000008CD  A$dng_cra
     000008CF  A$dng_cra |    000008CF  C$dng_cra |    000008CF  C$dng_cra
     000008D1  A$dng_cra |    000008D2  A$dng_cra |    000008D4  A$dng_cra
     000008D5  A$dng_cra |    000008D5  C$dng_cra |    000008D5  G$check_l
     000008D5  _check_l_ |    000008D7  A$dng_cra |    000008D9  A$dng_cra
     000008DA  A$dng_cra |    000008DB  A$dng_cra |    000008DC  A$dng_cra
     000008DD  A$dng_cra |    000008DE  A$dng_cra |    000008DF  A$dng_cra
     000008DF  C$dng_cra |    000008E1  A$dng_cra |    000008E2  A$dng_cra
     000008E3  A$dng_cra |    000008E4  A$dng_cra |    000008E5  A$dng_cra
     000008E6  A$dng_cra |    000008E7  A$dng_cra |    000008E7  C$dng_cra
     000008E8  A$dng_cra |    000008E9  A$dng_cra |    000008E9  C$dng_cra
     000008EA  A$dng_cra |    000008EB  A$dng_cra |    000008EC  A$dng_cra
     000008EC  C$dng_cra |    000008EE  A$dng_cra |    000008EF  A$dng_cra
     000008F1  A$dng_cra |    000008F2  A$dng_cra |    000008F4  A$dng_cra
     000008F5  A$dng_cra |    000008F7  A$dng_cra |    000008F8  A$dng_cra
     000008F8  C$dng_cra |    000008FA  A$dng_cra |    000008FB  A$dng_cra
     000008FC  A$dng_cra |    000008FE  A$dng_cra |    00000900  A$dng_cra
     00000901  A$dng_cra |    00000902  A$dng_cra |    00000904  A$dng_cra
     00000906  A$dng_cra |    00000907  A$dng_cra |    00000909  A$dng_cra
     0000090C  A$dng_cra |    0000090E  A$dng_cra |    0000090F  A$dng_cra
     00000911  A$dng_cra |    00000914  A$dng_cra |    00000917  A$dng_cra
     00000917  C$dng_cra |    00000919  A$dng_cra |    0000091B  A$dng_cra
     0000091B  C$dng_cra |    0000091D  A$dng_cra |    0000091E  A$dng_cra
     00000920  A$dng_cra |    00000921  A$dng_cra |    00000922  A$dng_cra
     00000923  A$dng_cra |    00000924  A$dng_cra |    00000925  A$dng_cra
     00000928  A$dng_cra |    00000929  A$dng_cra |    0000092A  A$dng_cra
     0000092B  A$dng_cra |    0000092C  A$dng_cra |    0000092E  A$dng_cra
     0000092F  A$dng_cra |    00000930  A$dng_cra |    00000931  A$dng_cra
     00000932  A$dng_cra |    00000933  A$dng_cra |    00000934  A$dng_cra
     00000936  A$dng_cra |    00000937  A$dng_cra |    00000938  A$dng_cra
     00000939  A$dng_cra |    0000093B  A$dng_cra |    0000093C  A$dng_cra
     0000093D  A$dng_cra |    0000093E  A$dng_cra |    0000093F  A$dng_cra
     00000941  A$dng_cra |    00000942  A$dng_cra |    00000943  A$dng_cra
     00000944  A$dng_cra |    00000945  A$dng_cra |    00000946  A$dng_cra
     00000947  A$dng_cra |    00000949  A$dng_cra |    0000094A  A$dng_cra
ASxxxx Linker V03.00 + NoICE + sdld,  page 12.
Hexadecimal  [32-Bits]

Area                       Addr        Size        Decimal Bytes (Attributes)
--------------------       ----        ----        ------- ----- ------------
_CODE                  00000200    0000396D =       14701. bytes (REL,CON)

        Value  Global            Value  Global            Value  Global    
        -----  ------            -----  ------            -----  ------    
     0000094B  A$dng_cra |    0000094C  A$dng_cra |    0000094E  A$dng_cra
     0000094F  A$dng_cra |    00000950  A$dng_cra |    00000951  A$dng_cra
     00000952  A$dng_cra |    00000955  A$dng_cra |    00000956  A$dng_cra
     00000958  A$dng_cra |    00000959  A$dng_cra |    0000095A  A$dng_cra
     0000095B  A$dng_cra |    0000095C  A$dng_cra |    0000095C  C$dng_cra
     0000095E  A$dng_cra |    0000095F  A$dng_cra |    00000960  A$dng_cra
     00000962  A$dng_cra |    00000964  A$dng_cra |    00000966  A$dng_cra
     00000966  C$dng_cra |    00000968  A$dng_cra |    00000968  C$dng_cra
     0000096A  A$dng_cra |    0000096B  A$dng_cra |    0000096D  A$dng_cra
     0000096D  C$dng_cra |    00000970  A$dng_cra |    00000970  C$dng_cra
     00000972  A$dng_cra |    00000972  C$dng_cra |    00000973  A$dng_cra
     00000974  A$dng_cra |    00000975  A$dng_cra |    00000976  A$dng_cra
     00000977  A$dng_cra |    0000097A  A$dng_cra |    0000097B  A$dng_cra
     0000097C  A$dng_cra |    0000097D  A$dng_cra |    0000097E  A$dng_cra
     00000980  A$dng_cra |    00000981  A$dng_cra |    00000982  A$dng_cra
     00000984  A$dng_cra |    00000985  A$dng_cra |    00000986  A$dng_cra
     00000987  A$dng_cra |    00000988  A$dng_cra |    00000989  A$dng_cra
     0000098A  A$dng_cra |    0000098B  A$dng_cra |    0000098C  A$dng_cra
     0000098E  A$dng_cra |    0000098F  A$dng_cra |    00000990  A$dng_cra
     00000991  A$dng_cra |    00000993  A$dng_cra |    00000994  A$dng_cra
     00000995  A$dng_cra |    00000996  A$dng_cra |    00000997  A$dng_cra
     0000099A  A$dng_cra |    0000099B  A$dng_cra |    0000099C  A$dng_cra
     0000099D  A$dng_cra |    0000099D  C$dng_cra |    0000099E  A$dng_cra
     0000099F  A$dng_cra |    000009A1  A$dng_cra |    000009A3  A$dng_cra
     000009A5  A$dng_cra |    000009A5  C$dng_cra |    000009A7  A$dng_cra
     000009A7  C$dng_cra |    000009A9  A$dng_cra |    000009AA  A$dng_cra
     000009AC  A$dng_cra |    000009AC  C$dng_cra |    000009AE  A$dng_cra
     000009AE  C$dng_cra |    000009B0  A$dng_cra |    000009B0  C$dng_cra
     000009B1  A$dng_cra |    000009B2  A$dng_cra |    000009B3  A$dng_cra
     000009B4  A$dng_cra |    000009B5  A$dng_cra |    000009B8  A$dng_cra
     000009B9  A$dng_cra |    000009BA  A$dng_cra |    000009BB  A$dng_cra
     000009BC  A$dng_cra |    000009BE  A$dng_cra |    000009BF  A$dng_cra
     000009C0  A$dng_cra |    000009C2  A$dng_cra |    000009C3  A$dng_cra
     000009C4  A$dng_cra |    000009C5  A$dng_cra |    000009C6  A$dng_cra
     000009C7  A$dng_cra |    000009C8  A$dng_cra |    000009C9  A$dng_cra
     000009CA  A$dng_cra |    000009CC  A$dng_cra |    000009CD  A$dng_cra
     000009CE  A$dng_cra |    000009CF  A$dng_cra |    000009D1  A$dng_cra
     000009D2  A$dng_cra |    000009D3  A$dng_cra |    000009D4  A$dng_cra
     000009D5  A$dng_cra |    000009D8  A$dng_cra |    000009D9  A$dng_cra
     000009DA  A$dng_cra |    000009DB  A$dng_cra |    000009DB  C$dng_cra
     000009DC  A$dng_cra |    000009DD  A$dng_cra |    000009DF  A$dng_cra
     000009E1  A$dng_cra |    000009E3  A$dng_cra |    000009E3  C$dng_cra
     000009E5  A$dng_cra |    000009E5  C$dng_cra |    000009E7  A$dng_cra
     000009E8  A$dng_cra |    000009EA  A$dng_cra |    000009EA  C$dng_cra
     000009EC  A$dng_cra |    000009EC  C$dng_cra |    000009EE  A$dng_cra
     000009EE  C$dng_cra |    000009EF  A$dng_cra |    000009F0  A$dng_cra
     000009F1  A$dng_cra |    000009F2  A$dng_cra |    000009F3  A$dng_cra
     000009F6  A$dng_cra |    000009F7  A$dng_cra |    000009F8  A$dng_cra
     000009F9  A$dng_cra |    000009FA  A$dng_cra |    000009FC  A$dng_cra
     000009FD  A$dng_cra |    000009FE  A$dng_cra |    00000A00  A$dng_cra
     00000A01  A$dng_cra |    00000A02  A$dng_cra |    00000A03  A$dng_cra
ASxxxx Linker V03.00 + NoICE + sdld,  page 13.
Hexadecimal  [32-Bits]

Area                       Addr        Size        Decimal Bytes (Attributes)
--------------------       ----        ----        ------- ----- ------------
_CODE                  00000200    0000396D =       14701. bytes (REL,CON)

        Value  Global            Value  Global            Value  Global    
        -----  ------            -----  ------            -----  ------    
     00000A04  A$dng_cra |    00000A05  A$dng_cra |    00000A06  A$dng_cra
     00000A07  A$dng_cra |    00000A08  A$dng_cra |    00000A0A  A$dng_cra
     00000A0B  A$dng_cra |    00000A0C  A$dng_cra |    00000A0D  A$dng_cra
     00000A0F  A$dng_cra |    00000A10  A$dng_cra |    00000A11  A$dng_cra
     00000A12  A$dng_cra |    00000A13  A$dng_cra |    00000A16  A$dng_cra
     00000A17  A$dng_cra |    00000A18  A$dng_cra |    00000A19  A$dng_cra
     00000A19  C$dng_cra |    00000A1A  A$dng_cra |    00000A1B  A$dng_cra
     00000A1D  A$dng_cra |    00000A1F  A$dng_cra |    00000A21  A$dng_cra
     00000A21  C$dng_cra |    00000A23  A$dng_cra |    00000A23  C$dng_cra
     00000A25  A$dng_cra |    00000A26  A$dng_cra |    00000A28  A$dng_cra
     00000A28  C$dng_cra |    00000A2A  A$dng_cra |    00000A2C  A$dng_cra
     00000A2E  A$dng_cra |    00000A2F  A$dng_cra |    00000A31  A$dng_cra
     00000A32  A$dng_cra |    00000A34  A$dng_cra |    00000A35  A$dng_cra
     00000A37  A$dng_cra |    00000A38  A$dng_cra |    00000A39  A$dng_cra
     00000A3C  A$dng_cra |    00000A3E  A$dng_cra |    00000A3F  A$dng_cra
     00000A40  A$dng_cra |    00000A41  A$dng_cra |    00000A42  A$dng_cra
     00000A43  A$dng_cra |    00000A46  A$dng_cra |    00000A47  A$dng_cra
     00000A48  A$dng_cra |    00000A49  A$dng_cra |    00000A4A  A$dng_cra
     00000A4C  A$dng_cra |    00000A4D  A$dng_cra |    00000A4E  A$dng_cra
     00000A4F  A$dng_cra |    00000A51  A$dng_cra |    00000A52  A$dng_cra
     00000A53  A$dng_cra |    00000A54  A$dng_cra |    00000A55  A$dng_cra
     00000A56  A$dng_cra |    00000A57  A$dng_cra |    00000A58  A$dng_cra
     00000A58  C$dng_cra |    00000A5A  A$dng_cra |    00000A5B  A$dng_cra
     00000A5D  A$dng_cra |    00000A5F  A$dng_cra |    00000A61  A$dng_cra
     00000A62  A$dng_cra |    00000A64  A$dng_cra |    00000A65  A$dng_cra
     00000A65  C$dng_cra |    00000A67  A$dng_cra |    00000A68  A$dng_cra
     00000A69  A$dng_cra |    00000A6B  A$dng_cra |    00000A6D  A$dng_cra
     00000A6E  A$dng_cra |    00000A70  A$dng_cra |    00000A70  C$dng_cra
     00000A71  A$dng_cra |    00000A72  A$dng_cra |    00000A73  A$dng_cra
     00000A74  A$dng_cra |    00000A77  A$dng_cra |    00000A78  A$dng_cra
     00000A79  A$dng_cra |    00000A7C  A$dng_cra |    00000A7C  C$dng_cra
     00000A7E  A$dng_cra |    00000A7F  A$dng_cra |    00000A80  A$dng_cra
     00000A82  A$dng_cra |    00000A84  A$dng_cra |    00000A85  A$dng_cra
     00000A87  A$dng_cra |    00000A88  A$dng_cra |    00000A8A  A$dng_cra
     00000A8D  A$dng_cra |    00000A8E  A$dng_cra |    00000A91  A$dng_cra
     00000A92  A$dng_cra |    00000A95  A$dng_cra |    00000A96  A$dng_cra
     00000A99  A$dng_cra |    00000A9B  A$dng_cra |    00000A9D  A$dng_cra
     00000AA0  A$dng_cra |    00000AA1  A$dng_cra |    00000AA4  A$dng_cra
     00000AA5  A$dng_cra |    00000AA8  A$dng_cra |    00000AA9  A$dng_cra
     00000AAC  A$dng_cra |    00000AAE  A$dng_cra |    00000AAE  C$dng_cra
     00000AB0  A$dng_cra |    00000AB1  A$dng_cra |    00000AB2  A$dng_cra
     00000AB4  A$dng_cra |    00000AB6  A$dng_cra |    00000AB7  A$dng_cra
     00000AB8  A$dng_cra |    00000AB9  A$dng_cra |    00000ABA  A$dng_cra
     00000ABB  A$dng_cra |    00000ABD  A$dng_cra |    00000ABE  A$dng_cra
     00000ABF  A$dng_cra |    00000AC1  A$dng_cra |    00000AC4  A$dng_cra
     00000AC5  A$dng_cra |    00000AC8  A$dng_cra |    00000AC9  A$dng_cra
     00000ACC  A$dng_cra |    00000ACD  A$dng_cra |    00000AD0  A$dng_cra
     00000AD2  A$dng_cra |    00000AD4  A$dng_cra |    00000AD7  A$dng_cra
     00000AD8  A$dng_cra |    00000ADB  A$dng_cra |    00000ADC  A$dng_cra
     00000ADF  A$dng_cra |    00000AE0  A$dng_cra |    00000AE3  A$dng_cra
     00000AE5  A$dng_cra |    00000AE5  C$dng_cra |    00000AE7  A$dng_cra
ASxxxx Linker V03.00 + NoICE + sdld,  page 14.
Hexadecimal  [32-Bits]

Area                       Addr        Size        Decimal Bytes (Attributes)
--------------------       ----        ----        ------- ----- ------------
_CODE                  00000200    0000396D =       14701. bytes (REL,CON)

        Value  Global            Value  Global            Value  Global    
        -----  ------            -----  ------            -----  ------    
     00000AE8  A$dng_cra |    00000AE9  A$dng_cra |    00000AEC  A$dng_cra
     00000AEE  A$dng_cra |    00000AEF  A$dng_cra |    00000AF0  A$dng_cra
     00000AF1  A$dng_cra |    00000AF2  A$dng_cra |    00000AF3  A$dng_cra
     00000AF5  A$dng_cra |    00000AF6  A$dng_cra |    00000AF7  A$dng_cra
     00000AF9  A$dng_cra |    00000AFC  A$dng_cra |    00000AFD  A$dng_cra
     00000B00  A$dng_cra |    00000B01  A$dng_cra |    00000B04  A$dng_cra
     00000B05  A$dng_cra |    00000B08  A$dng_cra |    00000B0A  A$dng_cra
     00000B0D  A$dng_cra |    00000B10  A$dng_cra |    00000B11  A$dng_cra
     00000B14  A$dng_cra |    00000B15  A$dng_cra |    00000B18  A$dng_cra
     00000B19  A$dng_cra |    00000B1C  A$dng_cra |    00000B1E  A$dng_cra
     00000B21  A$dng_cra |    00000B21  C$dng_cra |    00000B23  A$dng_cra
     00000B24  A$dng_cra |    00000B25  A$dng_cra |    00000B28  A$dng_cra
     00000B2A  A$dng_cra |    00000B2B  A$dng_cra |    00000B2C  A$dng_cra
     00000B2D  A$dng_cra |    00000B2E  A$dng_cra |    00000B2F  A$dng_cra
     00000B30  A$dng_cra |    00000B33  A$dng_cra |    00000B34  A$dng_cra
     00000B35  A$dng_cra |    00000B36  A$dng_cra |    00000B37  A$dng_cra
     00000B38  A$dng_cra |    00000B3A  A$dng_cra |    00000B3B  A$dng_cra
     00000B3C  A$dng_cra |    00000B3F  A$dng_cra |    00000B40  A$dng_cra
     00000B43  A$dng_cra |    00000B43  C$dng_cra |    00000B45  A$dng_cra
     00000B46  A$dng_cra |    00000B47  A$dng_cra |    00000B49  A$dng_cra
     00000B4B  A$dng_cra |    00000B4C  A$dng_cra |    00000B4E  A$dng_cra
     00000B4F  A$dng_cra |    00000B51  A$dng_cra |    00000B52  A$dng_cra
     00000B55  A$dng_cra |    00000B56  A$dng_cra |    00000B59  A$dng_cra
     00000B5A  A$dng_cra |    00000B5D  A$dng_cra |    00000B5E  A$dng_cra
     00000B61  A$dng_cra |    00000B63  A$dng_cra |    00000B64  A$dng_cra
     00000B66  A$dng_cra |    00000B67  A$dng_cra |    00000B6A  A$dng_cra
     00000B6B  A$dng_cra |    00000B6E  A$dng_cra |    00000B6F  A$dng_cra
     00000B72  A$dng_cra |    00000B73  A$dng_cra |    00000B76  A$dng_cra
     00000B78  A$dng_cra |    00000B79  A$dng_cra |    00000B79  C$dng_cra
     00000B7B  A$dng_cra |    00000B7C  A$dng_cra |    00000B7D  A$dng_cra
     00000B7F  A$dng_cra |    00000B80  A$dng_cra |    00000B81  A$dng_cra
     00000B83  A$dng_cra |    00000B84  A$dng_cra |    00000B85  A$dng_cra
     00000B87  A$dng_cra |    00000B88  A$dng_cra |    00000B8B  A$dng_cra
     00000B8C  A$dng_cra |    00000B8F  A$dng_cra |    00000B90  A$dng_cra
     00000B93  A$dng_cra |    00000B94  A$dng_cra |    00000B97  A$dng_cra
     00000B99  A$dng_cra |    00000B9A  A$dng_cra |    00000B9C  A$dng_cra
     00000B9D  A$dng_cra |    00000BA0  A$dng_cra |    00000BA1  A$dng_cra
     00000BA4  A$dng_cra |    00000BA5  A$dng_cra |    00000BA8  A$dng_cra
     00000BA9  A$dng_cra |    00000BAC  A$dng_cra |    00000BAE  A$dng_cra
     00000BAF  A$dng_cra |    00000BAF  C$dng_cra |    00000BB1  A$dng_cra
     00000BB2  A$dng_cra |    00000BB3  A$dng_cra |    00000BB6  A$dng_cra
     00000BB7  A$dng_cra |    00000BB8  A$dng_cra |    00000BBA  A$dng_cra
     00000BBB  A$dng_cra |    00000BBC  A$dng_cra |    00000BBE  A$dng_cra
     00000BC1  A$dng_cra |    00000BC2  A$dng_cra |    00000BC5  A$dng_cra
     00000BC6  A$dng_cra |    00000BC9  A$dng_cra |    00000BCA  A$dng_cra
     00000BCD  A$dng_cra |    00000BCF  A$dng_cra |    00000BD2  A$dng_cra
     00000BD5  A$dng_cra |    00000BD6  A$dng_cra |    00000BD9  A$dng_cra
     00000BDA  A$dng_cra |    00000BDD  A$dng_cra |    00000BDE  A$dng_cra
     00000BE1  A$dng_cra |    00000BE3  A$dng_cra |    00000BE6  A$dng_cra
     00000BE6  C$dng_cra |    00000BE8  A$dng_cra |    00000BE9  A$dng_cra
     00000BEB  A$dng_cra |    00000BEC  A$dng_cra |    00000BEC  C$dng_cra
ASxxxx Linker V03.00 + NoICE + sdld,  page 15.
Hexadecimal  [32-Bits]

Area                       Addr        Size        Decimal Bytes (Attributes)
--------------------       ----        ----        ------- ----- ------------
_CODE                  00000200    0000396D =       14701. bytes (REL,CON)

        Value  Global            Value  Global            Value  Global    
        -----  ------            -----  ------            -----  ------    
     00000BEC  G$check_r |    00000BEC  _check_r_ |    00000BEE  A$dng_cra
     00000BF0  A$dng_cra |    00000BF1  A$dng_cra |    00000BF2  A$dng_cra
     00000BF3  A$dng_cra |    00000BF4  A$dng_cra |    00000BF5  A$dng_cra
     00000BF6  A$dng_cra |    00000BF6  C$dng_cra |    00000BF8  A$dng_cra
     00000BF9  A$dng_cra |    00000BFA  A$dng_cra |    00000BFB  A$dng_cra
     00000BFC  A$dng_cra |    00000BFD  A$dng_cra |    00000BFE  A$dng_cra
     00000BFE  C$dng_cra |    00000BFF  A$dng_cra |    00000C00  A$dng_cra
     00000C00  C$dng_cra |    00000C01  A$dng_cra |    00000C02  A$dng_cra
     00000C03  A$dng_cra |    00000C03  C$dng_cra |    00000C05  A$dng_cra
     00000C06  A$dng_cra |    00000C08  A$dng_cra |    00000C09  A$dng_cra
     00000C0B  A$dng_cra |    00000C0C  A$dng_cra |    00000C0E  A$dng_cra
     00000C0F  A$dng_cra |    00000C0F  C$dng_cra |    00000C11  A$dng_cra
     00000C12  A$dng_cra |    00000C13  A$dng_cra |    00000C15  A$dng_cra
     00000C17  A$dng_cra |    00000C18  A$dng_cra |    00000C19  A$dng_cra
     00000C1B  A$dng_cra |    00000C1D  A$dng_cra |    00000C1E  A$dng_cra
     00000C20  A$dng_cra |    00000C23  A$dng_cra |    00000C25  A$dng_cra
     00000C26  A$dng_cra |    00000C28  A$dng_cra |    00000C2B  A$dng_cra
     00000C2E  A$dng_cra |    00000C2E  C$dng_cra |    00000C30  A$dng_cra
     00000C32  A$dng_cra |    00000C32  C$dng_cra |    00000C34  A$dng_cra
     00000C35  A$dng_cra |    00000C37  A$dng_cra |    00000C38  A$dng_cra
     00000C39  A$dng_cra |    00000C3A  A$dng_cra |    00000C3B  A$dng_cra
     00000C3C  A$dng_cra |    00000C3F  A$dng_cra |    00000C40  A$dng_cra
     00000C41  A$dng_cra |    00000C42  A$dng_cra |    00000C43  A$dng_cra
     00000C45  A$dng_cra |    00000C46  A$dng_cra |    00000C47  A$dng_cra
     00000C48  A$dng_cra |    00000C49  A$dng_cra |    00000C4A  A$dng_cra
     00000C4B  A$dng_cra |    00000C4D  A$dng_cra |    00000C4E  A$dng_cra
     00000C4F  A$dng_cra |    00000C50  A$dng_cra |    00000C52  A$dng_cra
     00000C53  A$dng_cra |    00000C54  A$dng_cra |    00000C55  A$dng_cra
     00000C56  A$dng_cra |    00000C58  A$dng_cra |    00000C59  A$dng_cra
     00000C5A  A$dng_cra |    00000C5B  A$dng_cra |    00000C5C  A$dng_cra
     00000C5D  A$dng_cra |    00000C5E  A$dng_cra |    00000C60  A$dng_cra
     00000C61  A$dng_cra |    00000C62  A$dng_cra |    00000C63  A$dng_cra
     00000C65  A$dng_cra |    00000C66  A$dng_cra |    00000C67  A$dng_cra
     00000C68  A$dng_cra |    00000C69  A$dng_cra |    00000C6C  A$dng_cra
     00000C6D  A$dng_cra |    00000C6F  A$dng_cra |    00000C70  A$dng_cra
     00000C71  A$dng_cra |    00000C72  A$dng_cra |    00000C73  A$dng_cra
     00000C73  C$dng_cra |    00000C75  A$dng_cra |    00000C76  A$dng_cra
     00000C77  A$dng_cra |    00000C79  A$dng_cra |    00000C7B  A$dng_cra
     00000C7D  A$dng_cra |    00000C7D  C$dng_cra |    00000C7F  A$dng_cra
     00000C7F  C$dng_cra |    00000C81  A$dng_cra |    00000C82  A$dng_cra
     00000C84  A$dng_cra |    00000C84  C$dng_cra |    00000C87  A$dng_cra
     00000C87  C$dng_cra |    00000C89  A$dng_cra |    00000C89  C$dng_cra
     00000C8A  A$dng_cra |    00000C8B  A$dng_cra |    00000C8C  A$dng_cra
     00000C8D  A$dng_cra |    00000C8E  A$dng_cra |    00000C91  A$dng_cra
     00000C92  A$dng_cra |    00000C93  A$dng_cra |    00000C94  A$dng_cra
     00000C95  A$dng_cra |    00000C97  A$dng_cra |    00000C98  A$dng_cra
     00000C99  A$dng_cra |    00000C9B  A$dng_cra |    00000C9C  A$dng_cra
     00000C9D  A$dng_cra |    00000C9E  A$dng_cra |    00000C9F  A$dng_cra
     00000CA0  A$dng_cra |    00000CA1  A$dng_cra |    00000CA2  A$dng_cra
     00000CA3  A$dng_cra |    00000CA5  A$dng_cra |    00000CA6  A$dng_cra
     00000CA7  A$dng_cra |    00000CA8  A$dng_cra |    00000CAA  A$dng_cra
ASxxxx Linker V03.00 + NoICE + sdld,  page 16.
Hexadecimal  [32-Bits]

Area                       Addr        Size        Decimal Bytes (Attributes)
--------------------       ----        ----        ------- ----- ------------
_CODE                  00000200    0000396D =       14701. bytes (REL,CON)

        Value  Global            Value  Global            Value  Global    
        -----  ------            -----  ------            -----  ------    
     00000CAB  A$dng_cra |    00000CAC  A$dng_cra |    00000CAD  A$dng_cra
     00000CAE  A$dng_cra |    00000CB1  A$dng_cra |    00000CB2  A$dng_cra
     00000CB3  A$dng_cra |    00000CB4  A$dng_cra |    00000CB4  C$dng_cra
     00000CB5  A$dng_cra |    00000CB6  A$dng_cra |    00000CB8  A$dng_cra
     00000CBA  A$dng_cra |    00000CBC  A$dng_cra |    00000CBC  C$dng_cra
     00000CBE  A$dng_cra |    00000CBE  C$dng_cra |    00000CC0  A$dng_cra
     00000CC1  A$dng_cra |    00000CC3  A$dng_cra |    00000CC3  C$dng_cra
     00000CC5  A$dng_cra |    00000CC5  C$dng_cra |    00000CC7  A$dng_cra
     00000CC7  C$dng_cra |    00000CC8  A$dng_cra |    00000CC9  A$dng_cra
     00000CCA  A$dng_cra |    00000CCB  A$dng_cra |    00000CCC  A$dng_cra
     00000CCF  A$dng_cra |    00000CD0  A$dng_cra |    00000CD1  A$dng_cra
     00000CD2  A$dng_cra |    00000CD3  A$dng_cra |    00000CD5  A$dng_cra
     00000CD6  A$dng_cra |    00000CD7  A$dng_cra |    00000CD9  A$dng_cra
     00000CDA  A$dng_cra |    00000CDB  A$dng_cra |    00000CDC  A$dng_cra
     00000CDD  A$dng_cra |    00000CDE  A$dng_cra |    00000CDF  A$dng_cra
     00000CE0  A$dng_cra |    00000CE1  A$dng_cra |    00000CE3  A$dng_cra
     00000CE4  A$dng_cra |    00000CE5  A$dng_cra |    00000CE6  A$dng_cra
     00000CE8  A$dng_cra |    00000CE9  A$dng_cra |    00000CEA  A$dng_cra
     00000CEB  A$dng_cra |    00000CEC  A$dng_cra |    00000CEF  A$dng_cra
     00000CF0  A$dng_cra |    00000CF1  A$dng_cra |    00000CF2  A$dng_cra
     00000CF2  C$dng_cra |    00000CF3  A$dng_cra |    00000CF4  A$dng_cra
     00000CF6  A$dng_cra |    00000CF8  A$dng_cra |    00000CFA  A$dng_cra
     00000CFA  C$dng_cra |    00000CFC  A$dng_cra |    00000CFC  C$dng_cra
     00000CFE  A$dng_cra |    00000CFF  A$dng_cra |    00000D01  A$dng_cra
     00000D01  C$dng_cra |    00000D03  A$dng_cra |    00000D03  C$dng_cra
     00000D05  A$dng_cra |    00000D05  C$dng_cra |    00000D06  A$dng_cra
     00000D07  A$dng_cra |    00000D08  A$dng_cra |    00000D09  A$dng_cra
     00000D0A  A$dng_cra |    00000D0D  A$dng_cra |    00000D0E  A$dng_cra
     00000D0F  A$dng_cra |    00000D10  A$dng_cra |    00000D11  A$dng_cra
     00000D13  A$dng_cra |    00000D14  A$dng_cra |    00000D15  A$dng_cra
     00000D17  A$dng_cra |    00000D18  A$dng_cra |    00000D19  A$dng_cra
     00000D1A  A$dng_cra |    00000D1B  A$dng_cra |    00000D1C  A$dng_cra
     00000D1D  A$dng_cra |    00000D1E  A$dng_cra |    00000D1F  A$dng_cra
     00000D21  A$dng_cra |    00000D22  A$dng_cra |    00000D23  A$dng_cra
     00000D24  A$dng_cra |    00000D26  A$dng_cra |    00000D27  A$dng_cra
     00000D28  A$dng_cra |    00000D29  A$dng_cra |    00000D2A  A$dng_cra
     00000D2D  A$dng_cra |    00000D2E  A$dng_cra |    00000D2F  A$dng_cra
     00000D30  A$dng_cra |    00000D30  C$dng_cra |    00000D31  A$dng_cra
     00000D32  A$dng_cra |    00000D34  A$dng_cra |    00000D36  A$dng_cra
     00000D38  A$dng_cra |    00000D38  C$dng_cra |    00000D3A  A$dng_cra
     00000D3A  C$dng_cra |    00000D3C  A$dng_cra |    00000D3D  A$dng_cra
     00000D3F  A$dng_cra |    00000D3F  C$dng_cra |    00000D41  A$dng_cra
     00000D43  A$dng_cra |    00000D45  A$dng_cra |    00000D46  A$dng_cra
     00000D48  A$dng_cra |    00000D49  A$dng_cra |    00000D4B  A$dng_cra
     00000D4C  A$dng_cra |    00000D4E  A$dng_cra |    00000D4F  A$dng_cra
     00000D50  A$dng_cra |    00000D53  A$dng_cra |    00000D55  A$dng_cra
     00000D56  A$dng_cra |    00000D57  A$dng_cra |    00000D58  A$dng_cra
     00000D59  A$dng_cra |    00000D5A  A$dng_cra |    00000D5D  A$dng_cra
     00000D5E  A$dng_cra |    00000D5F  A$dng_cra |    00000D60  A$dng_cra
     00000D61  A$dng_cra |    00000D63  A$dng_cra |    00000D64  A$dng_cra
     00000D65  A$dng_cra |    00000D66  A$dng_cra |    00000D68  A$dng_cra
ASxxxx Linker V03.00 + NoICE + sdld,  page 17.
Hexadecimal  [32-Bits]

Area                       Addr        Size        Decimal Bytes (Attributes)
--------------------       ----        ----        ------- ----- ------------
_CODE                  00000200    0000396D =       14701. bytes (REL,CON)

        Value  Global            Value  Global            Value  Global    
        -----  ------            -----  ------            -----  ------    
     00000D69  A$dng_cra |    00000D6A  A$dng_cra |    00000D6B  A$dng_cra
     00000D6C  A$dng_cra |    00000D6D  A$dng_cra |    00000D6E  A$dng_cra
     00000D6F  A$dng_cra |    00000D6F  C$dng_cra |    00000D71  A$dng_cra
     00000D72  A$dng_cra |    00000D74  A$dng_cra |    00000D76  A$dng_cra
     00000D78  A$dng_cra |    00000D79  A$dng_cra |    00000D7B  A$dng_cra
     00000D7C  A$dng_cra |    00000D7C  C$dng_cra |    00000D7E  A$dng_cra
     00000D7F  A$dng_cra |    00000D80  A$dng_cra |    00000D82  A$dng_cra
     00000D84  A$dng_cra |    00000D85  A$dng_cra |    00000D87  A$dng_cra
     00000D87  C$dng_cra |    00000D88  A$dng_cra |    00000D89  A$dng_cra
     00000D8A  A$dng_cra |    00000D8B  A$dng_cra |    00000D8E  A$dng_cra
     00000D8F  A$dng_cra |    00000D90  A$dng_cra |    00000D93  A$dng_cra
     00000D93  C$dng_cra |    00000D95  A$dng_cra |    00000D96  A$dng_cra
     00000D97  A$dng_cra |    00000D99  A$dng_cra |    00000D9B  A$dng_cra
     00000D9C  A$dng_cra |    00000D9E  A$dng_cra |    00000D9F  A$dng_cra
     00000DA1  A$dng_cra |    00000DA4  A$dng_cra |    00000DA5  A$dng_cra
     00000DA8  A$dng_cra |    00000DA9  A$dng_cra |    00000DAC  A$dng_cra
     00000DAD  A$dng_cra |    00000DB0  A$dng_cra |    00000DB2  A$dng_cra
     00000DB4  A$dng_cra |    00000DB7  A$dng_cra |    00000DB8  A$dng_cra
     00000DBB  A$dng_cra |    00000DBC  A$dng_cra |    00000DBF  A$dng_cra
     00000DC0  A$dng_cra |    00000DC3  A$dng_cra |    00000DC5  A$dng_cra
     00000DC5  C$dng_cra |    00000DC7  A$dng_cra |    00000DC8  A$dng_cra
     00000DC9  A$dng_cra |    00000DCB  A$dng_cra |    00000DCD  A$dng_cra
     00000DCE  A$dng_cra |    00000DCF  A$dng_cra |    00000DD0  A$dng_cra
     00000DD1  A$dng_cra |    00000DD2  A$dng_cra |    00000DD4  A$dng_cra
     00000DD5  A$dng_cra |    00000DD6  A$dng_cra |    00000DD8  A$dng_cra
     00000DDB  A$dng_cra |    00000DDC  A$dng_cra |    00000DDF  A$dng_cra
     00000DE0  A$dng_cra |    00000DE3  A$dng_cra |    00000DE4  A$dng_cra
     00000DE7  A$dng_cra |    00000DE9  A$dng_cra |    00000DEB  A$dng_cra
     00000DEE  A$dng_cra |    00000DEF  A$dng_cra |    00000DF2  A$dng_cra
     00000DF3  A$dng_cra |    00000DF6  A$dng_cra |    00000DF7  A$dng_cra
     00000DFA  A$dng_cra |    00000DFC  A$dng_cra |    00000DFC  C$dng_cra
     00000DFE  A$dng_cra |    00000DFF  A$dng_cra |    00000E00  A$dng_cra
     00000E03  A$dng_cra |    00000E05  A$dng_cra |    00000E06  A$dng_cra
     00000E07  A$dng_cra |    00000E08  A$dng_cra |    00000E09  A$dng_cra
     00000E0A  A$dng_cra |    00000E0C  A$dng_cra |    00000E0D  A$dng_cra
     00000E0E  A$dng_cra |    00000E10  A$dng_cra |    00000E13  A$dng_cra
     00000E14  A$dng_cra |    00000E17  A$dng_cra |    00000E18  A$dng_cra
     00000E1B  A$dng_cra |    00000E1C  A$dng_cra |    00000E1F  A$dng_cra
     00000E21  A$dng_cra |    00000E24  A$dng_cra |    00000E27  A$dng_cra
     00000E28  A$dng_cra |    00000E2B  A$dng_cra |    00000E2C  A$dng_cra
     00000E2F  A$dng_cra |    00000E30  A$dng_cra |    00000E33  A$dng_cra
     00000E35  A$dng_cra |    00000E38  A$dng_cra |    00000E38  C$dng_cra
     00000E3A  A$dng_cra |    00000E3B  A$dng_cra |    00000E3C  A$dng_cra
     00000E3F  A$dng_cra |    00000E41  A$dng_cra |    00000E42  A$dng_cra
     00000E43  A$dng_cra |    00000E44  A$dng_cra |    00000E45  A$dng_cra
     00000E46  A$dng_cra |    00000E47  A$dng_cra |    00000E4A  A$dng_cra
     00000E4B  A$dng_cra |    00000E4C  A$dng_cra |    00000E4D  A$dng_cra
     00000E4E  A$dng_cra |    00000E4F  A$dng_cra |    00000E51  A$dng_cra
     00000E52  A$dng_cra |    00000E53  A$dng_cra |    00000E56  A$dng_cra
     00000E57  A$dng_cra |    00000E5A  A$dng_cra |    00000E5A  C$dng_cra
     00000E5C  A$dng_cra |    00000E5D  A$dng_cra |    00000E5E  A$dng_cra
ASxxxx Linker V03.00 + NoICE + sdld,  page 18.
Hexadecimal  [32-Bits]

Area                       Addr        Size        Decimal Bytes (Attributes)
--------------------       ----        ----        ------- ----- ------------
_CODE                  00000200    0000396D =       14701. bytes (REL,CON)

        Value  Global            Value  Global            Value  Global    
        -----  ------            -----  ------            -----  ------    
     00000E60  A$dng_cra |    00000E62  A$dng_cra |    00000E63  A$dng_cra
     00000E65  A$dng_cra |    00000E66  A$dng_cra |    00000E68  A$dng_cra
     00000E69  A$dng_cra |    00000E6C  A$dng_cra |    00000E6D  A$dng_cra
     00000E70  A$dng_cra |    00000E71  A$dng_cra |    00000E74  A$dng_cra
     00000E75  A$dng_cra |    00000E78  A$dng_cra |    00000E7A  A$dng_cra
     00000E7B  A$dng_cra |    00000E7D  A$dng_cra |    00000E7E  A$dng_cra
     00000E81  A$dng_cra |    00000E82  A$dng_cra |    00000E85  A$dng_cra
     00000E86  A$dng_cra |    00000E89  A$dng_cra |    00000E8A  A$dng_cra
     00000E8D  A$dng_cra |    00000E8F  A$dng_cra |    00000E90  A$dng_cra
     00000E90  C$dng_cra |    00000E92  A$dng_cra |    00000E93  A$dng_cra
     00000E94  A$dng_cra |    00000E96  A$dng_cra |    00000E97  A$dng_cra
     00000E98  A$dng_cra |    00000E9A  A$dng_cra |    00000E9B  A$dng_cra
     00000E9C  A$dng_cra |    00000E9E  A$dng_cra |    00000E9F  A$dng_cra
     00000EA2  A$dng_cra |    00000EA3  A$dng_cra |    00000EA6  A$dng_cra
     00000EA7  A$dng_cra |    00000EAA  A$dng_cra |    00000EAB  A$dng_cra
     00000EAE  A$dng_cra |    00000EB0  A$dng_cra |    00000EB1  A$dng_cra
     00000EB3  A$dng_cra |    00000EB4  A$dng_cra |    00000EB7  A$dng_cra
     00000EB8  A$dng_cra |    00000EBB  A$dng_cra |    00000EBC  A$dng_cra
     00000EBF  A$dng_cra |    00000EC0  A$dng_cra |    00000EC3  A$dng_cra
     00000EC5  A$dng_cra |    00000EC6  A$dng_cra |    00000EC6  C$dng_cra
     00000EC8  A$dng_cra |    00000EC9  A$dng_cra |    00000ECA  A$dng_cra
     00000ECD  A$dng_cra |    00000ECE  A$dng_cra |    00000ECF  A$dng_cra
     00000ED1  A$dng_cra |    00000ED2  A$dng_cra |    00000ED3  A$dng_cra
     00000ED5  A$dng_cra |    00000ED8  A$dng_cra |    00000ED9  A$dng_cra
     00000EDC  A$dng_cra |    00000EDD  A$dng_cra |    00000EE0  A$dng_cra
     00000EE1  A$dng_cra |    00000EE4  A$dng_cra |    00000EE6  A$dng_cra
     00000EE9  A$dng_cra |    00000EEC  A$dng_cra |    00000EED  A$dng_cra
     00000EF0  A$dng_cra |    00000EF1  A$dng_cra |    00000EF4  A$dng_cra
     00000EF5  A$dng_cra |    00000EF8  A$dng_cra |    00000EFA  A$dng_cra
     00000EFD  A$dng_cra |    00000EFD  C$dng_cra |    00000EFF  A$dng_cra
     00000F00  A$dng_cra |    00000F02  A$dng_cra |    00000F03  A$enemies
     00000F03  C$enemies |    00000F03  G$load_en |    00000F03  _load_ene
     00000F05  A$enemies |    00000F06  A$enemies |    00000F08  A$enemies
     00000F09  A$enemies |    00000F09  C$enemies |    00000F0B  A$enemies
     00000F0D  A$enemies |    00000F0D  C$enemies |    00000F0F  A$enemies
     00000F10  A$enemies |    00000F11  A$enemies |    00000F13  A$enemies
     00000F15  A$enemies |    00000F16  A$enemies |    00000F17  A$enemies
     00000F19  A$enemies |    00000F1B  A$enemies |    00000F1C  A$enemies
     00000F1E  A$enemies |    00000F20  A$enemies |    00000F22  A$enemies
     00000F22  C$enemies |    00000F22  C$enemies |    00000F24  A$enemies
     00000F26  A$enemies |    00000F26  C$enemies |    00000F28  A$enemies
     00000F28  C$enemies |    00000F28  C$enemies |    00000F2A  A$enemies
     00000F2C  A$enemies |    00000F2C  C$enemies |    00000F2E  A$enemies
     00000F2E  C$enemies |    00000F2E  C$enemies |    00000F30  A$enemies
     00000F32  A$enemies |    00000F32  C$enemies |    00000F34  A$enemies
     00000F34  C$enemies |    00000F34  C$enemies |    00000F36  A$enemies
     00000F38  A$enemies |    00000F38  C$enemies |    00000F3A  A$enemies
     00000F3B  A$enemies |    00000F3C  A$enemies |    00000F3D  A$enemies
     00000F3E  A$enemies |    00000F3F  A$enemies |    00000F40  A$enemies
     00000F43  A$enemies |    00000F44  A$enemies |    00000F45  A$enemies
     00000F46  A$enemies |    00000F48  A$enemies |    00000F4A  A$enemies
ASxxxx Linker V03.00 + NoICE + sdld,  page 19.
Hexadecimal  [32-Bits]

Area                       Addr        Size        Decimal Bytes (Attributes)
--------------------       ----        ----        ------- ----- ------------
_CODE                  00000200    0000396D =       14701. bytes (REL,CON)

        Value  Global            Value  Global            Value  Global    
        -----  ------            -----  ------            -----  ------    
     00000F4A  C$enemies |    00000F4C  A$enemies |    00000F4D  A$enemies
     00000F4F  A$enemies |    00000F50  A$enemies |    00000F51  A$enemies
     00000F52  A$enemies |    00000F53  A$enemies |    00000F54  A$enemies
     00000F56  A$enemies |    00000F57  A$enemies |    00000F58  A$enemies
     00000F59  A$enemies |    00000F5A  A$enemies |    00000F5B  A$enemies
     00000F5D  A$enemies |    00000F5E  A$enemies |    00000F5F  A$enemies
     00000F61  A$enemies |    00000F63  A$enemies |    00000F64  A$enemies
     00000F65  A$enemies |    00000F66  A$enemies |    00000F67  A$enemies
     00000F68  A$enemies |    00000F69  A$enemies |    00000F6A  A$enemies
     00000F6B  A$enemies |    00000F6C  A$enemies |    00000F6E  A$enemies
     00000F6F  A$enemies |    00000F70  A$enemies |    00000F72  A$enemies
     00000F74  A$enemies |    00000F75  A$enemies |    00000F76  A$enemies
     00000F78  A$enemies |    00000F79  A$enemies |    00000F7A  A$enemies
     00000F7B  A$enemies |    00000F7C  A$enemies |    00000F7E  A$enemies
     00000F7F  A$enemies |    00000F80  A$enemies |    00000F81  A$enemies
     00000F82  A$enemies |    00000F85  A$enemies |    00000F87  A$enemies
     00000F87  C$enemies |    00000F89  A$enemies |    00000F8A  A$enemies
     00000F8B  A$enemies |    00000F8D  A$enemies |    00000F8F  A$enemies
     00000F8F  C$enemies |    00000F91  A$enemies |    00000F91  C$enemies
     00000F92  A$enemies |    00000F94  A$enemies |    00000F95  A$enemies
     00000F96  A$enemies |    00000F98  A$enemies |    00000F99  A$enemies
     00000F9A  A$enemies |    00000F9C  A$enemies |    00000F9D  A$enemies
     00000F9E  A$enemies |    00000F9F  A$enemies |    00000FA0  A$enemies
     00000FA3  A$enemies |    00000FA4  A$enemies |    00000FA5  A$enemies
     00000FA6  A$enemies |    00000FA7  A$enemies |    00000FA8  A$enemies
     00000FA9  A$enemies |    00000FAA  A$enemies |    00000FAC  A$enemies
     00000FAD  A$enemies |    00000FAE  A$enemies |    00000FB0  A$enemies
     00000FB1  A$enemies |    00000FB4  A$enemies |    00000FB5  A$enemies
     00000FB7  A$enemies |    00000FB8  A$enemies |    00000FB9  A$enemies
     00000FBA  A$enemies |    00000FBC  A$enemies |    00000FBD  A$enemies
     00000FBE  A$enemies |    00000FBE  C$enemies |    00000FBF  A$enemies
     00000FC0  A$enemies |    00000FC2  A$enemies |    00000FC4  A$enemies
     00000FC4  C$enemies |    00000FC6  A$enemies |    00000FC6  C$enemies
     00000FC8  A$enemies |    00000FC9  A$enemies |    00000FCB  A$enemies
     00000FCC  A$enemies |    00000FCD  A$enemies |    00000FCE  A$enemies
     00000FD0  A$enemies |    00000FD1  A$enemies |    00000FD2  A$enemies
     00000FD4  A$enemies |    00000FD5  A$enemies |    00000FD6  A$enemies
     00000FD8  A$enemies |    00000FD9  A$enemies |    00000FDA  A$enemies
     00000FDD  A$enemies |    00000FDE  A$enemies |    00000FDF  A$enemies
     00000FE0  A$enemies |    00000FE1  A$enemies |    00000FE2  A$enemies
     00000FE4  A$enemies |    00000FE5  A$enemies |    00000FE6  A$enemies
     00000FE8  A$enemies |    00000FE9  A$enemies |    00000FEA  A$enemies
     00000FEB  A$enemies |    00000FEC  A$enemies |    00000FED  A$enemies
     00000FEE  A$enemies |    00000FEF  A$enemies |    00000FF0  A$enemies
     00000FF2  A$enemies |    00000FF3  A$enemies |    00000FF4  A$enemies
     00000FF7  A$enemies |    00000FF8  A$enemies |    00000FFA  A$enemies
     00000FFB  A$enemies |    00000FFC  A$enemies |    00000FFC  C$enemies
     00000FFE  A$enemies |    00000FFF  A$enemies |    00001000  A$enemies
     00001002  A$enemies |    00001004  A$enemies |    00001004  C$enemies
     00001006  A$enemies |    00001006  C$enemies |    00001008  A$enemies
     00001009  A$enemies |    0000100B  A$enemies |    0000100C  A$enemies
ASxxxx Linker V03.00 + NoICE + sdld,  page 20.
Hexadecimal  [32-Bits]

Area                       Addr        Size        Decimal Bytes (Attributes)
--------------------       ----        ----        ------- ----- ------------
_CODE                  00000200    0000396D =       14701. bytes (REL,CON)

        Value  Global            Value  Global            Value  Global    
        -----  ------            -----  ------            -----  ------    
     0000100D  A$enemies |    0000100E  A$enemies |    00001010  A$enemies
     00001011  A$enemies |    00001012  A$enemies |    00001014  A$enemies
     00001015  A$enemies |    00001016  A$enemies |    00001018  A$enemies
     00001019  A$enemies |    0000101A  A$enemies |    0000101D  A$enemies
     0000101E  A$enemies |    0000101F  A$enemies |    00001020  A$enemies
     00001021  A$enemies |    00001022  A$enemies |    00001024  A$enemies
     00001025  A$enemies |    00001026  A$enemies |    00001028  A$enemies
     00001029  A$enemies |    0000102A  A$enemies |    0000102B  A$enemies
     0000102C  A$enemies |    0000102D  A$enemies |    0000102E  A$enemies
     0000102F  A$enemies |    00001030  A$enemies |    00001032  A$enemies
     00001033  A$enemies |    00001034  A$enemies |    00001037  A$enemies
     00001038  A$enemies |    0000103A  A$enemies |    0000103B  A$enemies
     0000103C  A$enemies |    0000103C  C$enemies |    0000103E  A$enemies
     0000103F  A$enemies |    00001040  A$enemies |    00001042  A$enemies
     00001044  A$enemies |    00001046  A$enemies |    00001046  C$enemies
     00001046  XG$load_e |    00001047  G$enemies |    00001047  _enemies 
     00001062  G$enemies |    00001062  _enemies_ |    00001092  G$e_str$0
     00001092  _e_str    |    00001095  G$e_int$0 |    00001095  _e_int   
     00001098  G$e_agi$0 |    00001098  _e_agi    |    0000109B  G$e_con$0
     0000109B  _e_con    |    0000109E  G$enemies |    0000109E  _enemies_
     000011FE  A$enemies |    000011FE  C$enemies |    000011FE  G$unload_
     000011FE  _unload_e |    000011FF  A$enemies |    00001200  A$enemies
     00001202  A$enemies |    00001202  C$enemies |    00001203  A$enemies
     00001205  A$enemies |    00001205  C$enemies |    00001207  A$enemies
     00001208  A$enemies |    00001209  A$enemies |    0000120A  A$enemies
     0000120B  A$enemies |    0000120C  A$enemies |    0000120D  A$enemies
     0000120E  A$enemies |    0000120F  A$enemies |    0000120F  C$enemies
     00001210  A$enemies |    00001213  A$enemies |    00001215  A$enemies
[...]
     0000285A  C$font.c$ |    0000285B  A$font$38 |    0000285D  A$font$39
     0000285D  C$font.c$ |    00002860  A$font$39 |    00002861  A$font$39
     00002863  A$font$39 |    00002866  A$font$39 |    00002867  A$font$39
     00002868  A$font$39 |    0000286B  A$font$39 |    0000286C  A$font$39
     0000286D  A$font$40 |    0000286F  A$font$40 |    0000286F  C$font.c$
     00002870  A$font$40 |    00002871  A$font$40 |    00002872  A$font$40
     00002873  A$font$40 |    00002876  A$font$40 |    00002877  A$font$41
     00002878  A$font$41 |    0000287A  A$font$41 |    0000287B  A$font$41
     0000287C  A$font$41 |    0000287D  A$font$41 |    00002880  A$font$41
     00002881  A$font$41 |    00002882  A$font$41 |    00002883  A$font$41
     00002884  A$font$42 |    00002887  A$font$42 |    00002888  A$font$42
     00002889  A$font$42 |    0000288B  A$font$42 |    0000288C  A$font$42
     0000288D  A$font$42 |    0000288F  A$font$43 |    0000288F  C$font.c$
     00002892  A$font$43 |    00002893  A$font$43 |    00002894  A$font$43
     00002895  A$font$43 |    00002896  A$font$43 |    00002897  A$font$43
     0000289A  A$font$43 |    0000289B  A$font$43 |    0000289C  A$font$44
     0000289D  A$font$44 |    0000289F  A$font$44 |    000028A2  A$font$44
     000028A3  A$font$44 |    000028A4  A$font$44 |    000028A5  A$font$44
     000028A8  A$font$44 |    000028A9  A$font$44 |    000028AA  A$font$44
ASxxxx Linker V03.00 + NoICE + sdld,  page 31.
Hexadecimal  [32-Bits]

Area                       Addr        Size        Decimal Bytes (Attributes)
--------------------       ----        ----        ------- ----- ------------
_CODE                  00000200    0000396D =       14701. bytes (REL,CON)

        Value  Global            Value  Global            Value  Global    
        -----  ------            -----  ------            -----  ------    
     000028AB  A$font$45 |    000028AD  A$font$45 |    000028AD  C$font.c$
     000028AE  A$font$45 |    000028B1  A$font$45 |    000028B2  A$font$45
     000028B3  A$font$45 |    000028B4  A$font$45 |    000028B5  A$font$46
     000028B8  A$font$46 |    000028B9  A$font$46 |    000028BA  A$font$46
     000028BC  A$font$46 |    000028BD  A$font$46 |    000028BE  A$font$46
     000028BF  A$font$46 |    000028C2  A$font$46 |    000028C3  A$font$46
     000028C4  A$font$47 |    000028C5  A$font$47 |    000028C6  A$font$47
     000028C6  C$font.c$ |    000028C7  A$font$47 |    000028C9  A$font$48
     000028C9  C$font.c$ |    000028CC  A$font$48 |    000028CD  A$font$48
     000028CE  A$font$48 |    000028D0  A$font$49 |    000028D0  C$font.c$
     000028D3  A$font$49 |    000028D4  A$font$49 |    000028D5  A$font$49
     000028D6  A$font$49 |    000028D6  C$font.c$ |    000028D8  A$font$49
     000028DA  A$font$49 |    000028DB  A$font$50 |    000028DC  A$font$50
     000028DD  G$font$0_ |    000028DD  _font     |    00002EDD  _PlayerSp
     0000329D  _UI_tiles |    0000343D  _wall1_l_ |    00003458  _door1_l_
     00003473  _wall1_r_ |    0000348E  _door1_r_ |    000034A9  _nowall1_
     000034C4  _nowall_d |    000034DF  _nowall1_ |    000034FA  _nowall_d
     00003515  _wall2_l_ |    00003527  _door2_l_ |    00003539  _wall2_r_
     0000354B  _door2_r_ |    0000355D  _nowall2_ |    0000358A  _nowall_d
     000035B7  _nowall_d |    000035E4  _nowall2_ |    00003611  _wall3_l_
     0000361A  _wall3_r_ |    00003623  _door3_l_ |    0000362C  _door3_r_
     00003635  _nowall3_ |    0000366B  _nowall_d |    000036A1  _nowall3_
     000036D7  _nowall_d |    0000370D  _wall1_le |    00003743  _wall1_ri
     00003779  _door1_le |    000037AF  _door1_ri |    000037E5  _wall1_ha
     0000381B  _door1_le |    00003851  _door1_ri |    00003887  _wall2_ha
     000038AB  _door2_le |    000038CF  _door2_ri |    000038F3  _wall2_le
     00003917  _wall2_ri |    0000393B  _door2_le |    0000395F  _door2_ri
     00003983  _wall3_ha |    0000399E  _door3_le |    000039B9  _wall3_le
     000039D4  _door3_le |    000039EF  _door3_ri |    00003A0A  _wall3_ri
     00003A25  _door3_ri |    00003A40  __mulsuch |    00003A43  __mulusch
     00003A4C  __mulscha |    00003A54  __mulint  |    00003A73  __mulucha
     00003A85  __divsuch |    00003A8B  __modsuch |    00003A94  __divusch
     00003A9D  __modusch |    00003AAA  __divscha |    00003AAF  __modscha
     00003AB6  __divsint |    00003ABF  __modsint |    00003ACB  __divucha
     00003AD0  __moducha |    00003AD7  __divuint |    00003AE0  __moduint
     00003AEC  .div8     |    00003AEC  .mod8     |    00003AF4  .div16   
     00003AF4  .mod16    |    00003B2A  .divu8    |    00003B2A  .modu8   
     00003B2D  .divu16   |    00003B2D  .modu16  
ASxxxx Linker V03.00 + NoICE + sdld,  page 32.
Hexadecimal  [32-Bits]

Area                       Addr        Size        Decimal Bytes (Attributes)
--------------------       ----        ----        ------- ----- ------------
_HEADER0               00000000    00000001 =           1. bytes (ABS,CON)

        Value  Global            Value  Global            Value  Global    
        -----  ------            -----  ------            -----  ------    
     00000020  .call_hl 
ASxxxx Linker V03.00 + NoICE + sdld,  page 33.
Hexadecimal  [32-Bits]

Area                       Addr        Size        Decimal Bytes (Attributes)
--------------------       ----        ----        ------- ----- ------------
_HEADER1               00000000    00000005 =           5. bytes (ABS,CON)

        Value  Global            Value  Global            Value  Global    
        -----  ------            -----  ------            -----  ------    
     00000028  .MemsetSm
ASxxxx Linker V03.00 + NoICE + sdld,  page 34.
Hexadecimal  [32-Bits]

Area                       Addr        Size        Decimal Bytes (Attributes)
--------------------       ----        ----        ------- ----- ------------
_HEADER2               00000000    00000007 =           7. bytes (ABS,CON)

        Value  Global            Value  Global            Value  Global    
        -----  ------            -----  ------            -----  ------    
     00000030  .MemcpySm
ASxxxx Linker V03.00 + NoICE + sdld,  page 35.
Hexadecimal  [32-Bits]

Area                       Addr        Size        Decimal Bytes (Attributes)
--------------------       ----        ----        ------- ----- ------------
_HEADER3               00000000    00000008 =           8. bytes (ABS,CON)

        Value  Global            Value  Global            Value  Global    
        -----  ------            -----  ------            -----  ------    
ASxxxx Linker V03.00 + NoICE + sdld,  page 36.
Hexadecimal  [32-Bits]

Area                       Addr        Size        Decimal Bytes (Attributes)
--------------------       ----        ----        ------- ----- ------------
_HEADER4               00000000    0000004C =          76. bytes (ABS,CON)

        Value  Global            Value  Global            Value  Global    
        -----  ------            -----  ------            -----  ------    
     00000080  .int      |    0000008F  _wait_int |    0000009C  __standar
     000000AC  _refresh_
ASxxxx Linker V03.00 + NoICE + sdld,  page 37.
Hexadecimal  [32-Bits]

Area                       Addr        Size        Decimal Bytes (Attributes)
--------------------       ----        ----        ------- ----- ------------
_HEADER5               00000000    00000002 =           2. bytes (ABS,CON)

        Value  Global            Value  Global            Value  Global    
        -----  ------            -----  ------            -----  ------    
ASxxxx Linker V03.00 + NoICE + sdld,  page 38.
Hexadecimal  [32-Bits]

Area                       Addr        Size        Decimal Bytes (Attributes)
--------------------       ----        ----        ------- ----- ------------
_HEADER6               00000000    00000030 =          48. bytes (ABS,CON)

        Value  Global            Value  Global            Value  Global    
        -----  ------            -----  ------            -----  ------    
ASxxxx Linker V03.00 + NoICE + sdld,  page 39.
Hexadecimal  [32-Bits]

Area                       Addr        Size        Decimal Bytes (Attributes)
--------------------       ----        ----        ------- ----- ------------
_HEADER7               00000000    00000006 =           6. bytes (ABS,CON)

        Value  Global            Value  Global            Value  Global    
        -----  ------            -----  ------            -----  ------    
ASxxxx Linker V03.00 + NoICE + sdld,  page 40.
Hexadecimal  [32-Bits]

Area                       Addr        Size        Decimal Bytes (Attributes)
--------------------       ----        ----        ------- ----- ------------
_HEADER8               00000000    00000003 =           3. bytes (ABS,CON)

        Value  Global            Value  Global            Value  Global    
        -----  ------            -----  ------            -----  ------    
ASxxxx Linker V03.00 + NoICE + sdld,  page 41.
Hexadecimal  [32-Bits]

Area                       Addr        Size        Decimal Bytes (Attributes)
--------------------       ----        ----        ------- ----- ------------
_HEADER9               00000000    00000001 =           1. bytes (ABS,CON)

        Value  Global            Value  Global            Value  Global    
        -----  ------            -----  ------            -----  ------    
ASxxxx Linker V03.00 + NoICE + sdld,  page 42.
Hexadecimal  [32-Bits]

Area                       Addr        Size        Decimal Bytes (Attributes)
--------------------       ----        ----        ------- ----- ------------
_HEADERa               00000000    00000001 =           1. bytes (ABS,CON)

        Value  Global            Value  Global            Value  Global    
        -----  ------            -----  ------            -----  ------    
ASxxxx Linker V03.00 + NoICE + sdld,  page 43.
Hexadecimal  [32-Bits]

Area                       Addr        Size        Decimal Bytes (Attributes)
--------------------       ----        ----        ------- ----- ------------
_HEADERb               00000000    00000001 =           1. bytes (ABS,CON)

        Value  Global            Value  Global            Value  Global    
        -----  ------            -----  ------            -----  ------    
ASxxxx Linker V03.00 + NoICE + sdld,  page 44.
Hexadecimal  [32-Bits]

Area                       Addr        Size        Decimal Bytes (Attributes)
--------------------       ----        ----        ------- ----- ------------
_HEADERc               00000000    00000002 =           2. bytes (ABS,CON)

        Value  Global            Value  Global            Value  Global    
        -----  ------            -----  ------            -----  ------    
ASxxxx Linker V03.00 + NoICE + sdld,  page 45.
Hexadecimal  [32-Bits]

Area                       Addr        Size        Decimal Bytes (Attributes)
--------------------       ----        ----        ------- ----- ------------
_HEADERd               00000000    00000001 =           1. bytes (ABS,CON)

        Value  Global            Value  Global            Value  Global    
        -----  ------            -----  ------            -----  ------    
ASxxxx Linker V03.00 + NoICE + sdld,  page 46.
Hexadecimal  [32-Bits]

Area                       Addr        Size        Decimal Bytes (Attributes)
--------------------       ----        ----        ------- ----- ------------
_HEADERe               00000000    00000001 =           1. bytes (ABS,CON)

        Value  Global            Value  Global            Value  Global    
        -----  ------            -----  ------            -----  ------    
ASxxxx Linker V03.00 + NoICE + sdld,  page 47.
Hexadecimal  [32-Bits]

Area                       Addr        Size        Decimal Bytes (Attributes)
--------------------       ----        ----        ------- ----- ------------
_HEADERf               00000000    00000002 =           2. bytes (ABS,CON)

        Value  Global            Value  Global            Value  Global    
        -----  ------            -----  ------            -----  ------    
ASxxxx Linker V03.00 + NoICE + sdld,  page 48.
Hexadecimal  [32-Bits]

Area                       Addr        Size        Decimal Bytes (Attributes)
--------------------       ----        ----        ------- ----- ------------
_HEADER10              00000000    00000084 =         132. bytes (ABS,CON)

        Value  Global            Value  Global            Value  Global    
        -----  ------            -----  ------            -----  ------    
     00000150  .reset    |    00000150  _reset    |    00000157  .code_sta
     000001B9  _exit     |    000001BD  _set_inte
ASxxxx Linker V03.00 + NoICE + sdld,  page 49.
Hexadecimal  [32-Bits]

Area                       Addr        Size        Decimal Bytes (Attributes)
--------------------       ----        ----        ------- ----- ------------
_HEADER11              00000000    00000001 =           1. bytes (ABS,CON)

        Value  Global            Value  Global            Value  Global    
        -----  ------            -----  ------            -----  ------    
ASxxxx Linker V03.00 + NoICE + sdld,  page 50.
Hexadecimal  [32-Bits]

Area                       Addr        Size        Decimal Bytes (Attributes)
--------------------       ----        ----        ------- ----- ------------
_HOME                  00003B6D    000001B3 =         435. bytes (REL,CON)

        Value  Global            Value  Global            Value  Global    
        -----  ------            -----  ------            -----  ------    
     00003B6D  .memset_s |    00003B76  .memcpy_s |    00003B93  .remove_V
     00003B96  .remove_i |    00003BB3  .add_VBL  |    00003BB6  .add_int 
     00003BC1  .wait_vbl |    00003BC1  _wait_vbl |    00003BD1  .display_
     00003BD1  _display_ |    00003BE9  _remove_V |    00003BF4  _add_VBL 
     00003BFF  _rand     |    00003BFF  _randw    |    00003C2A  _initrand
     00003C2C  .initrand |    00003C35  _set_tile |    00003C3A  _set_bkg_
     00003C3A  _set_win_ |    00003C42  _set_spri |    00003C72  .padup   
     00003C72  _waitpadu |    00003C82  .jpad     |    00003C82  _joypad  
     00003CAA  _waitpad  |    00003CAB  .wait_pad |    00003CB2  _set_bkg_
     00003CC6  .set_xy_w |    00003CCF  .set_xy_b |    00003CDE  .set_xy_t
ASxxxx Linker V03.00 + NoICE + sdld,  page 51.
Hexadecimal  [32-Bits]

Area                       Addr        Size        Decimal Bytes (Attributes)
--------------------       ----        ----        ------- ----- ------------
_INITIALIZER           00003D20    00000074 =         116. bytes (REL,CON)

        Value  Global            Value  Global            Value  Global    
        -----  ------            -----  ------            -----  ------    
     00003D20  Fmain$__x |    00003D21  Fmain$__x |    00003D22  Fmain$__x
     00003D23  Fmain$__x |    00003D24  Fmain$__x |    00003D25  Fmain$__x
     00003D26  Fmain$__x |    00003D27  Fmain$__x |    00003D28  Fmain$__x
     00003D29  Fmain$__x |    00003D2A  Fmain$__x |    00003D8E  Fmain$__x
     00003D8F  Fmain$__x |    00003D90  Fmain$__x |    00003D91  Fmain$__x
     00003D92  Fmain$__x
ASxxxx Linker V03.00 + NoICE + sdld,  page 52.
Hexadecimal  [32-Bits]

Area                       Addr        Size        Decimal Bytes (Attributes)
--------------------       ----        ----        ------- ----- ------------
_GSINIT                00003D94    0000000C =          12. bytes (REL,CON)

        Value  Global            Value  Global            Value  Global    
        -----  ------            -----  ------            -----  ------    
     00003D94  gsinit   
ASxxxx Linker V03.00 + NoICE + sdld,  page 53.
Hexadecimal  [32-Bits]

Area                       Addr        Size        Decimal Bytes (Attributes)
--------------------       ----        ----        ------- ----- ------------
_GSFINAL               00003DA0    00000001 =           1. bytes (REL,CON)

        Value  Global            Value  Global            Value  Global    
        -----  ------            -----  ------            -----  ------    
ASxxxx Linker V03.00 + NoICE + sdld,  page 54.
Hexadecimal  [32-Bits]

Area                       Addr        Size        Decimal Bytes (Attributes)
--------------------       ----        ----        ------- ----- ------------
_DATA                  0000C0A0    00000052 =          82. bytes (REL,CON)

        Value  Global            Value  Global            Value  Global    
        -----  ------            -----  ------            -----  ------    
     0000C0A0  __cpu     |    0000C0A1  __is_GBA  |    0000C0A2  .mode    
     0000C0A3  .sys_time |    0000C0A3  _sys_time |    0000C0A5  .int_0x40
     0000C0B1  G$sl1$0_0 |    0000C0B1  _sl1      |    0000C0C6  G$sl2$0_0
     0000C0C6  _sl2      |    0000C0DB  G$sl3$0_0 |    0000C0DB  _sl3     
     0000C0F0  ___rand_s
ASxxxx Linker V03.00 + NoICE + sdld,  page 55.
Hexadecimal  [32-Bits]

Area                       Addr        Size        Decimal Bytes (Attributes)
--------------------       ----        ----        ------- ----- ------------
_INITIALIZED           0000C0F2    00000074 =         116. bytes (REL,CON)

        Value  Global            Value  Global            Value  Global    
        -----  ------            -----  ------            -----  ------    
     0000C0F2  Fmain$glo |    0000C0F3  Fmain$enc |    0000C0F4  Fmain$enc
     0000C0F5  Fmain$pla |    0000C0F6  Fmain$pla |    0000C0F7  Fmain$p_s
     0000C0F8  Fmain$p_i |    0000C0F9  Fmain$p_a |    0000C0FA  Fmain$p_c
     0000C0FB  Fmain$p_l |    0000C0FC  Fmain$inv |    0000C160  Fmain$pla
     0000C161  Fmain$dng |    0000C162  Fmain$dng |    0000C163  Fmain$joy
     0000C164  Fmain$joy |    0000C165  __map_til
ASxxxx Linker V03.00 + NoICE + sdld,  page 56.
Hexadecimal  [32-Bits]

Area                       Addr        Size        Decimal Bytes (Attributes)
--------------------       ----        ----        ------- ----- ------------
_HRAM12                00000000    00000003 =           3. bytes (ABS,CON)

        Value  Global            Value  Global            Value  Global    
        -----  ------            -----  ------            -----  ------    
     0000FF90  __current |    0000FF92  __shadow_
ASxxxx Linker V03.00 + NoICE + sdld,  page 57.

Files Linked                              [ module(s) ]

../gbdk/lib/gb/crt0.o                     [ Runtime ]
obj/combat.o                              [ combat ]
obj/dng_crawling.o                        [ dng_crawling ]
obj/enemies.o                             [ enemies ]
obj/items.o                               [ items ]
obj/main.o                                [ main ]
obj/dng_wip.o                             [ dng_wip ]
obj/dragon_tileset.o                      [ dragon_tileset ]
obj/dungeon_tileset.o                     [ dungeon_tileset ]
obj/font.o                                [ font ]
obj/player_sprite.o                       [ player_sprite ]
obj/UI_sprites.o                          [ UI_sprites ]
obj/walls.o                               [ walls ]


Libraries Linked                          [ object file ]

../gbdk/lib/sm83/sm83.lib                 [ rand.o ]
../gbdk/lib/gb/gb.lib                     [ set_data.o ]
../gbdk/lib/sm83/sm83.lib                 [ mul.o ]
../gbdk/lib/gb/gb.lib                     [ pad.o ]
../gbdk/lib/gb/gb.lib                     [ sfr.o ]
../gbdk/lib/sm83/sm83.lib                 [ div.o ]
../gbdk/lib/gb/gb.lib                     [ set_bk_t.o ]
../gbdk/lib/gb/gb.lib                     [ set_xy_t.o ]

ASxxxx Linker V03.00 + NoICE + sdld,  page 58.

User Base Address Definitions

_DATA=0xC0A0
_CODE=0x0200
ASxxxx Linker V03.00 + NoICE + sdld,  page 59.

User Global Definitions

_shadow_OAM=0xC000
.STACK=0xE000
.refresh_OAM=0xFF80

